
  .   ____          _            __ _ _
 /\\ / ___'_ __ _ _(_)_ __  __ _ \ \ \ \
( ( )\___ | '_ | '_| | '_ \/ _` | \ \ \ \
 \\/  ___)| |_)| | | | | || (_| |  ) ) ) )
  '  |____| .__|_| |_|_| |_\__, | / / / /
 =========|_|==============|___/=/_/_/_/

 :: Spring Boot ::                (v3.3.4)

2026-09-13T10:58:00.262-04:00  INFO 2228 --- [CatalogUi] [           main] c.m.catalogui.CatalogUiApplication       : Starting CatalogUiApplication v0.0.1-SNAPSHOT using Java 17.0.17 with PID 2228 (C:\Projects\buyr\catalog-ui\target\CatalogUi-0.0.1-SNAPSHOT.jar started by Shravan in C:\Projects\buyr\catalog-ui)
2026-09-13T10:58:00.279-04:00  INFO 2228 --- [CatalogUi] [           main] c.m.catalogui.CatalogUiApplication       : No active profile set, falling back to 1 default profile: "default"
2026-09-13T10:58:08.989-04:00  INFO 2228 --- [CatalogUi] [           main] o.s.cloud.context.scope.GenericScope     : BeanFactory id=fd308abe-45af-3cc0-9d8d-8b8cbe3c350f
2026-09-13T10:58:09.180-04:00  WARN 2228 --- [CatalogUi] [           main] trationDelegate$BeanPostProcessorChecker : Bean 'org.springframework.cloud.client.loadbalancer.LoadBalancerAutoConfiguration$DeferringLoadBalancerInterceptorConfig' of type [org.springframework.cloud.client.loadbalancer.LoadBalancerAutoConfiguration$DeferringLoadBalancerInterceptorConfig] is not eligible for getting processed by all BeanPostProcessors (for example: not eligible for auto-proxying). The currently created BeanPostProcessor [lbRestClientPostProcessor] is declared through a non-static factory method on that class; consider declaring it as static instead.
2026-09-13T10:58:09.210-04:00  WARN 2228 --- [CatalogUi] [           main] trationDelegate$BeanPostProcessorChecker : Bean 'deferringLoadBalancerInterceptor' of type [org.springframework.cloud.client.loadbalancer.DeferringLoadBalancerInterceptor] is not eligible for getting processed by all BeanPostProcessors (for example: not eligible for auto-proxying). Is this bean getting eagerly injected into a currently created BeanPostProcessor [lbRestClientPostProcessor]? Check the corresponding BeanPostProcessor declaration and its dependencies.
2026-09-13T10:58:10.470-04:00  INFO 2228 --- [CatalogUi] [           main] o.s.b.w.embedded.tomcat.TomcatWebServer  : Tomcat initialized with port 8081 (http)
2026-09-13T10:58:10.552-04:00  INFO 2228 --- [CatalogUi] [           main] o.apache.catalina.core.StandardService   : Starting service [Tomcat]
2026-09-13T10:58:10.553-04:00  INFO 2228 --- [CatalogUi] [           main] o.apache.catalina.core.StandardEngine    : Starting Servlet engine: [Apache Tomcat/10.1.30]
2026-09-13T10:58:10.983-04:00  INFO 2228 --- [CatalogUi] [           main] o.a.c.c.C.[Tomcat].[localhost].[/]       : Initializing Spring embedded WebApplicationContext
2026-09-13T10:58:10.986-04:00  INFO 2228 --- [CatalogUi] [           main] w.s.c.ServletWebServerApplicationContext : Root WebApplicationContext: initialization completed in 9004 ms
2026-09-13T10:58:19.249-04:00  INFO 2228 --- [CatalogUi] [           main] DiscoveryClientOptionalArgsConfiguration : Eureka HTTP Client uses RestTemplate.
2026-09-13T10:58:19.375-04:00  WARN 2228 --- [CatalogUi] [           main] iguration$LoadBalancerCaffeineWarnLogger : Spring Cloud LoadBalancer is currently working with the default cache. While this cache implementation is useful for development and tests, it's recommended to use Caffeine cache in production.You can switch to using Caffeine cache, by adding it and org.springframework.cache.caffeine.CaffeineCacheManager to the classpath.
2026-09-13T10:58:19.456-04:00  INFO 2228 --- [CatalogUi] [           main] o.s.c.n.eureka.InstanceInfoFactory       : Setting initial instance status as: STARTING
2026-09-13T10:58:19.746-04:00  INFO 2228 --- [CatalogUi] [           main] com.netflix.discovery.DiscoveryClient    : Initializing Eureka in region us-east-1
2026-09-13T10:58:19.761-04:00  INFO 2228 --- [CatalogUi] [           main] c.n.d.s.r.aws.ConfigClusterResolver      : Resolving eureka endpoints via configuration
2026-09-13T10:58:19.816-04:00  INFO 2228 --- [CatalogUi] [           main] com.netflix.discovery.DiscoveryClient    : Disable delta property : false
2026-09-13T10:58:19.817-04:00  INFO 2228 --- [CatalogUi] [           main] com.netflix.discovery.DiscoveryClient    : Single vip registry refresh property : null
2026-09-13T10:58:19.819-04:00  INFO 2228 --- [CatalogUi] [           main] com.netflix.discovery.DiscoveryClient    : Force full registry fetch : false
2026-09-13T10:58:19.819-04:00  INFO 2228 --- [CatalogUi] [           main] com.netflix.discovery.DiscoveryClient    : Application is null : false
2026-09-13T10:58:19.820-04:00  INFO 2228 --- [CatalogUi] [           main] com.netflix.discovery.DiscoveryClient    : Registered Applications size is zero : true
2026-09-13T10:58:19.822-04:00  INFO 2228 --- [CatalogUi] [           main] com.netflix.discovery.DiscoveryClient    : Application version is -1: true
2026-09-13T10:58:19.822-04:00  INFO 2228 --- [CatalogUi] [           main] com.netflix.discovery.DiscoveryClient    : Getting all instance registry info from the eureka server
2026-09-13T10:58:22.456-04:00  INFO 2228 --- [CatalogUi] [           main] com.netflix.discovery.DiscoveryClient    : The response status is 200
2026-09-13T10:58:22.460-04:00  INFO 2228 --- [CatalogUi] [           main] com.netflix.discovery.DiscoveryClient    : Starting heartbeat executor: renew interval is: 30
2026-09-13T10:58:22.464-04:00  INFO 2228 --- [CatalogUi] [           main] c.n.discovery.InstanceInfoReplicator     : InstanceInfoReplicator onDemand update allowed rate per min is 4
2026-09-13T10:58:22.473-04:00  INFO 2228 --- [CatalogUi] [           main] com.netflix.discovery.DiscoveryClient    : Discovery Client initialized at timestamp 1789311502471 with initial instances count: 2
2026-09-13T10:58:22.481-04:00  INFO 2228 --- [CatalogUi] [           main] o.s.c.n.e.s.EurekaServiceRegistry        : Registering application CATALOGUI with eureka with status UP
2026-09-13T10:58:22.482-04:00  INFO 2228 --- [CatalogUi] [           main] com.netflix.discovery.DiscoveryClient    : Saw local status change event StatusChangeEvent [timestamp=1789311502482, current=UP, previous=STARTING]
2026-09-13T10:58:22.549-04:00  INFO 2228 --- [CatalogUi] [foReplicator-%d] com.netflix.discovery.DiscoveryClient    : DiscoveryClient_CATALOGUI/host.docker.internal:CatalogUi:8081: registering service...
2026-09-13T10:58:22.609-04:00  INFO 2228 --- [CatalogUi] [           main] o.s.b.w.embedded.tomcat.TomcatWebServer  : Tomcat started on port 8081 (http) with context path '/'
2026-09-13T10:58:22.611-04:00  INFO 2228 --- [CatalogUi] [           main] .s.c.n.e.s.EurekaAutoServiceRegistration : Updating port to 8081
2026-09-13T10:58:22.731-04:00  INFO 2228 --- [CatalogUi] [foReplicator-%d] com.netflix.discovery.DiscoveryClient    : DiscoveryClient_CATALOGUI/host.docker.internal:CatalogUi:8081 - registration status: 204
2026-09-13T10:58:22.920-04:00  INFO 2228 --- [CatalogUi] [nio-8081-exec-1] o.a.c.c.C.[Tomcat].[localhost].[/]       : Initializing Spring DispatcherServlet 'dispatcherServlet'
2026-09-13T10:58:22.921-04:00  INFO 2228 --- [CatalogUi] [nio-8081-exec-1] o.s.web.servlet.DispatcherServlet        : Initializing Servlet 'dispatcherServlet'
2026-09-13T10:58:22.924-04:00  INFO 2228 --- [CatalogUi] [nio-8081-exec-1] o.s.web.servlet.DispatcherServlet        : Completed initialization in 2 ms
2026-09-13T10:58:23.044-04:00  INFO 2228 --- [CatalogUi] [nio-8081-exec-1] c.m.c.controller.ProductUiController     : UI request: fetch all products from backend URL: http://CatalogService/api/product
2026-09-13T10:58:24.315-04:00  INFO 2228 --- [CatalogUi] [           main] c.m.catalogui.CatalogUiApplication       : Started CatalogUiApplication in 36.749 seconds (process running for 47.281)
2026-09-13T10:58:25.824-04:00 ERROR 2228 --- [CatalogUi] [nio-8081-exec-1] c.m.c.controller.ProductUiController     : Failed to fetch cart from service: 500 : "{"timestamp":"2026-09-13T14:58:25.813+00:00","status":500,"error":"Internal Server Error","path":"/api/cart/user-cart-1"}"
2026-09-13T10:58:25.856-04:00  WARN 2228 --- [CatalogUi] [nio-8081-exec-1] o.s.c.l.core.RoundRobinLoadBalancer      : No servers available for service: OrderService
2026-09-13T10:58:25.857-04:00 ERROR 2228 --- [CatalogUi] [nio-8081-exec-1] c.m.c.controller.ProductUiController     : Failed to fetch orders from service: No instances available for OrderService
2026-09-13T10:58:31.287-04:00  INFO 2228 --- [CatalogUi] [nio-8081-exec-2] c.m.c.controller.ProductUiController     : UI request: fetch all products from backend URL: http://CatalogService/api/product
2026-09-13T10:59:01.355-04:00 ERROR 2228 --- [CatalogUi] [nio-8081-exec-2] c.m.c.controller.ProductUiController     : Failed to fetch products from backend: 500 : "{"timestamp":"2026-09-13T14:59:01.347+00:00","status":500,"error":"Internal Server Error","path":"/api/product"}"
2026-09-13T10:59:01.371-04:00 ERROR 2228 --- [CatalogUi] [nio-8081-exec-2] c.m.c.controller.ProductUiController     : Failed to fetch cart from service: 500 : "{"timestamp":"2026-09-13T14:59:01.369+00:00","status":500,"error":"Internal Server Error","path":"/api/cart/user-cart-1"}"
2026-09-13T10:59:31.454-04:00 ERROR 2228 --- [CatalogUi] [nio-8081-exec-2] c.m.c.controller.ProductUiController     : Failed to fetch orders from service: 500 : "{"timestamp":"2026-09-13T14:59:31.451+00:00","status":500,"error":"Internal Server Error","path":"/api/order"}"
2026-09-13T10:59:36.132-04:00  INFO 2228 --- [CatalogUi] [nio-8081-exec-4] c.m.c.controller.ProductUiController     : UI request: fetch all products from backend URL: http://CatalogService/api/product
2026-09-13T11:00:06.166-04:00 ERROR 2228 --- [CatalogUi] [nio-8081-exec-4] c.m.c.controller.ProductUiController     : Failed to fetch products from backend: 500 : "{"timestamp":"2026-09-13T15:00:06.163+00:00","status":500,"error":"Internal Server Error","path":"/api/product"}"
2026-09-13T11:00:06.198-04:00 ERROR 2228 --- [CatalogUi] [nio-8081-exec-4] c.m.c.controller.ProductUiController     : Failed to fetch cart from service: 500 : "{"timestamp":"2026-09-13T15:00:06.195+00:00","status":500,"error":"Internal Server Error","path":"/api/cart/user-cart-1"}"
2026-09-13T11:00:25.790-04:00  INFO 2228 --- [CatalogUi] [nio-8081-exec-5] c.m.c.controller.ProductUiController     : UI request: fetch all products from backend URL: http://CatalogService/api/product
2026-09-13T11:00:36.227-04:00 ERROR 2228 --- [CatalogUi] [nio-8081-exec-4] c.m.c.controller.ProductUiController     : Failed to fetch orders from service: 500 : "{"timestamp":"2026-09-13T15:00:36.222+00:00","status":500,"error":"Internal Server Error","path":"/api/order"}"
2026-09-13T11:00:40.741-04:00  INFO 2228 --- [CatalogUi] [nio-8081-exec-6] c.m.c.controller.ProductUiController     : UI request: fetch all products from backend URL: http://CatalogService/api/product
2026-09-13T11:00:55.817-04:00 ERROR 2228 --- [CatalogUi] [nio-8081-exec-5] c.m.c.controller.ProductUiController     : Failed to fetch products from backend: 500 : "{"timestamp":"2026-09-13T15:00:55.814+00:00","status":500,"error":"Internal Server Error","path":"/api/product"}"
2026-09-13T11:00:55.843-04:00 ERROR 2228 --- [CatalogUi] [nio-8081-exec-5] c.m.c.controller.ProductUiController     : Failed to fetch cart from service: 500 : "{"timestamp":"2026-09-13T15:00:55.838+00:00","status":500,"error":"Internal Server Error","path":"/api/cart/user-cart-1"}"
2026-09-13T11:01:09.480-04:00  INFO 2228 --- [CatalogUi] [nio-8081-exec-9] c.m.c.controller.ProductUiController     : UI request: fetch all products from backend URL: http://CatalogService/api/product
2026-09-13T11:01:10.766-04:00 ERROR 2228 --- [CatalogUi] [nio-8081-exec-6] c.m.c.controller.ProductUiController     : Failed to fetch products from backend: 500 : "{"timestamp":"2026-09-13T15:01:10.761+00:00","status":500,"error":"Internal Server Error","path":"/api/product"}"
2026-09-13T11:01:10.786-04:00 ERROR 2228 --- [CatalogUi] [nio-8081-exec-6] c.m.c.controller.ProductUiController     : Failed to fetch cart from service: 500 : "{"timestamp":"2026-09-13T15:01:10.782+00:00","status":500,"error":"Internal Server Error","path":"/api/cart/user-cart-1"}"
2026-09-13T11:01:25.877-04:00 ERROR 2228 --- [CatalogUi] [nio-8081-exec-5] c.m.c.controller.ProductUiController     : Failed to fetch orders from service: 500 : "{"timestamp":"2026-09-13T15:01:25.865+00:00","status":500,"error":"Internal Server Error","path":"/api/order"}"
2026-09-13T11:01:30.725-04:00  INFO 2228 --- [CatalogUi] [nio-8081-exec-1] c.m.c.controller.ProductUiController     : UI request: fetch all products from backend URL: http://CatalogService/api/product
2026-09-13T11:01:39.500-04:00 ERROR 2228 --- [CatalogUi] [nio-8081-exec-9] c.m.c.controller.ProductUiController     : Failed to fetch products from backend: 500 : "{"timestamp":"2026-09-13T15:01:39.494+00:00","status":500,"error":"Internal Server Error","path":"/api/product"}"
2026-09-13T11:01:39.539-04:00 ERROR 2228 --- [CatalogUi] [nio-8081-exec-9] c.m.c.controller.ProductUiController     : Failed to fetch cart from service: 500 : "{"timestamp":"2026-09-13T15:01:39.522+00:00","status":500,"error":"Internal Server Error","path":"/api/cart/user-cart-1"}"
2026-09-13T11:01:40.805-04:00 ERROR 2228 --- [CatalogUi] [nio-8081-exec-6] c.m.c.controller.ProductUiController     : Failed to fetch orders from service: 500 : "{"timestamp":"2026-09-13T15:01:40.799+00:00","status":500,"error":"Internal Server Error","path":"/api/order"}"
2026-09-13T11:01:45.362-04:00  INFO 2228 --- [CatalogUi] [nio-8081-exec-2] c.m.c.controller.ProductUiController     : UI request: fetch all products from backend URL: http://CatalogService/api/product
2026-09-13T11:02:00.741-04:00 ERROR 2228 --- [CatalogUi] [nio-8081-exec-1] c.m.c.controller.ProductUiController     : Failed to fetch products from backend: 500 : "{"timestamp":"2026-09-13T15:02:00.739+00:00","status":500,"error":"Internal Server Error","path":"/api/product"}"
2026-09-13T11:02:00.750-04:00 ERROR 2228 --- [CatalogUi] [nio-8081-exec-1] c.m.c.controller.ProductUiController     : Failed to fetch cart from service: 500 : "{"timestamp":"2026-09-13T15:02:00.748+00:00","status":500,"error":"Internal Server Error","path":"/api/cart/user-cart-1"}"
2026-09-13T11:02:09.562-04:00 ERROR 2228 --- [CatalogUi] [nio-8081-exec-9] c.m.c.controller.ProductUiController     : Failed to fetch orders from service: 500 : "{"timestamp":"2026-09-13T15:02:09.558+00:00","status":500,"error":"Internal Server Error","path":"/api/order"}"
2026-09-13T11:02:15.390-04:00 ERROR 2228 --- [CatalogUi] [nio-8081-exec-2] c.m.c.controller.ProductUiController     : Failed to fetch products from backend: 500 : "{"timestamp":"2026-09-13T15:02:15.388+00:00","status":500,"error":"Internal Server Error","path":"/api/product"}"
2026-09-13T11:02:15.411-04:00 ERROR 2228 --- [CatalogUi] [nio-8081-exec-2] c.m.c.controller.ProductUiController     : Failed to fetch cart from service: 500 : "{"timestamp":"2026-09-13T15:02:15.409+00:00","status":500,"error":"Internal Server Error","path":"/api/cart/user-cart-1"}"
2026-09-13T11:02:30.784-04:00 ERROR 2228 --- [CatalogUi] [nio-8081-exec-1] c.m.c.controller.ProductUiController     : Failed to fetch orders from service: 500 : "{"timestamp":"2026-09-13T15:02:30.782+00:00","status":500,"error":"Internal Server Error","path":"/api/order"}"
2026-09-13T11:02:35.340-04:00  INFO 2228 --- [CatalogUi] [nio-8081-exec-3] c.m.c.controller.ProductUiController     : UI request: fetch all products from backend URL: http://CatalogService/api/product
2026-09-13T11:02:45.424-04:00 ERROR 2228 --- [CatalogUi] [nio-8081-exec-2] c.m.c.controller.ProductUiController     : Failed to fetch orders from service: 500 : "{"timestamp":"2026-09-13T15:02:45.422+00:00","status":500,"error":"Internal Server Error","path":"/api/order"}"
2026-09-13T11:02:49.921-04:00  INFO 2228 --- [CatalogUi] [nio-8081-exec-4] c.m.c.controller.ProductUiController     : UI request: fetch all products from backend URL: http://CatalogService/api/product
2026-09-13T11:03:05.365-04:00 ERROR 2228 --- [CatalogUi] [nio-8081-exec-3] c.m.c.controller.ProductUiController     : Failed to fetch products from backend: 500 : "{"timestamp":"2026-09-13T15:03:05.359+00:00","status":500,"error":"Internal Server Error","path":"/api/product"}"
2026-09-13T11:03:05.390-04:00 ERROR 2228 --- [CatalogUi] [nio-8081-exec-3] c.m.c.controller.ProductUiController     : Failed to fetch cart from service: 500 : "{"timestamp":"2026-09-13T15:03:05.385+00:00","status":500,"error":"Internal Server Error","path":"/api/cart/user-cart-1"}"
2026-09-13T11:03:19.837-04:00  INFO 2228 --- [CatalogUi] [rap-executor-%d] c.n.d.s.r.aws.ConfigClusterResolver      : Resolving eureka endpoints via configuration
2026-09-13T11:03:19.946-04:00 ERROR 2228 --- [CatalogUi] [nio-8081-exec-4] c.m.c.controller.ProductUiController     : Failed to fetch products from backend: 500 : "{"timestamp":"2026-09-13T15:03:19.940+00:00","status":500,"error":"Internal Server Error","path":"/api/product"}"
2026-09-13T11:03:19.967-04:00 ERROR 2228 --- [CatalogUi] [nio-8081-exec-4] c.m.c.controller.ProductUiController     : Failed to fetch cart from service: 500 : "{"timestamp":"2026-09-13T15:03:19.965+00:00","status":500,"error":"Internal Server Error","path":"/api/cart/user-cart-1"}"
2026-09-13T11:03:35.421-04:00 ERROR 2228 --- [CatalogUi] [nio-8081-exec-3] c.m.c.controller.ProductUiController     : Failed to fetch orders from service: 500 : "{"timestamp":"2026-09-13T15:03:35.413+00:00","status":500,"error":"Internal Server Error","path":"/api/order"}"
2026-09-13T11:03:49.991-04:00 ERROR 2228 --- [CatalogUi] [nio-8081-exec-4] c.m.c.controller.ProductUiController     : Failed to fetch orders from service: 500 : "{"timestamp":"2026-09-13T15:03:49.986+00:00","status":500,"error":"Internal Server Error","path":"/api/order"}"
2026-09-13T11:03:54.492-04:00  INFO 2228 --- [CatalogUi] [nio-8081-exec-5] c.m.c.controller.ProductUiController     : UI request: fetch all products from backend URL: http://CatalogService/api/product
2026-09-13T11:04:24.521-04:00 ERROR 2228 --- [CatalogUi] [nio-8081-exec-5] c.m.c.controller.ProductUiController     : Failed to fetch products from backend: 500 : "{"timestamp":"2026-09-13T15:04:24.514+00:00","status":500,"error":"Internal Server Error","path":"/api/product"}"
2026-09-13T11:04:24.544-04:00 ERROR 2228 --- [CatalogUi] [nio-8081-exec-5] c.m.c.controller.ProductUiController     : Failed to fetch cart from service: 500 : "{"timestamp":"2026-09-13T15:04:24.541+00:00","status":500,"error":"Internal Server Error","path":"/api/cart/user-cart-1"}"
2026-09-13T11:04:45.227-04:00  INFO 2228 --- [CatalogUi] [nio-8081-exec-1] c.m.c.controller.ProductUiController     : UI request: fetch all products from backend URL: http://CatalogService/api/product
2026-09-13T11:04:54.578-04:00 ERROR 2228 --- [CatalogUi] [nio-8081-exec-5] c.m.c.controller.ProductUiController     : Failed to fetch orders from service: 500 : "{"timestamp":"2026-09-13T15:04:54.566+00:00","status":500,"error":"Internal Server Error","path":"/api/order"}"
2026-09-13T11:04:59.092-04:00  INFO 2228 --- [CatalogUi] [nio-8081-exec-6] c.m.c.controller.ProductUiController     : UI request: fetch all products from backend URL: http://CatalogService/api/product
2026-09-13T11:05:15.258-04:00 ERROR 2228 --- [CatalogUi] [nio-8081-exec-1] c.m.c.controller.ProductUiController     : Failed to fetch products from backend: 500 : "{"timestamp":"2026-09-13T15:05:15.245+00:00","status":500,"error":"Internal Server Error","path":"/api/product"}"
2026-09-13T11:05:15.267-04:00 ERROR 2228 --- [CatalogUi] [nio-8081-exec-1] c.m.c.controller.ProductUiController     : Failed to fetch cart from service: 500 : "{"timestamp":"2026-09-13T15:05:15.265+00:00","status":500,"error":"Internal Server Error","path":"/api/cart/user-cart-1"}"
2026-09-13T11:05:29.125-04:00 ERROR 2228 --- [CatalogUi] [nio-8081-exec-6] c.m.c.controller.ProductUiController     : Failed to fetch products from backend: 500 : "{"timestamp":"2026-09-13T15:05:29.104+00:00","status":500,"error":"Internal Server Error","path":"/api/product"}"
2026-09-13T11:05:29.148-04:00 ERROR 2228 --- [CatalogUi] [nio-8081-exec-6] c.m.c.controller.ProductUiController     : Failed to fetch cart from service: 500 : "{"timestamp":"2026-09-13T15:05:29.145+00:00","status":500,"error":"Internal Server Error","path":"/api/cart/user-cart-1"}"
2026-09-13T11:05:45.298-04:00 ERROR 2228 --- [CatalogUi] [nio-8081-exec-1] c.m.c.controller.ProductUiController     : Failed to fetch orders from service: 500 : "{"timestamp":"2026-09-13T15:05:45.292+00:00","status":500,"error":"Internal Server Error","path":"/api/order"}"
2026-09-13T11:05:59.173-04:00 ERROR 2228 --- [CatalogUi] [nio-8081-exec-6] c.m.c.controller.ProductUiController     : Failed to fetch orders from service: 500 : "{"timestamp":"2026-09-13T15:05:59.165+00:00","status":500,"error":"Internal Server Error","path":"/api/order"}"
2026-09-13T11:06:03.816-04:00  INFO 2228 --- [CatalogUi] [nio-8081-exec-3] c.m.c.controller.ProductUiController     : UI request: fetch all products from backend URL: http://CatalogService/api/product
2026-09-13T11:06:33.845-04:00 ERROR 2228 --- [CatalogUi] [nio-8081-exec-3] c.m.c.controller.ProductUiController     : Failed to fetch products from backend: 500 : "{"timestamp":"2026-09-13T15:06:33.838+00:00","status":500,"error":"Internal Server Error","path":"/api/product"}"
2026-09-13T11:06:33.876-04:00 ERROR 2228 --- [CatalogUi] [nio-8081-exec-3] c.m.c.controller.ProductUiController     : Failed to fetch cart from service: 500 : "{"timestamp":"2026-09-13T15:06:33.873+00:00","status":500,"error":"Internal Server Error","path":"/api/cart/user-cart-1"}"
2026-09-13T11:07:03.892-04:00 ERROR 2228 --- [CatalogUi] [nio-8081-exec-3] c.m.c.controller.ProductUiController     : Failed to fetch orders from service: 500 : "{"timestamp":"2026-09-13T15:07:03.888+00:00","status":500,"error":"Internal Server Error","path":"/api/order"}"
2026-09-13T11:07:08.447-04:00  INFO 2228 --- [CatalogUi] [nio-8081-exec-4] c.m.c.controller.ProductUiController     : UI request: fetch all products from backend URL: http://CatalogService/api/product
2026-09-13T11:07:38.466-04:00 ERROR 2228 --- [CatalogUi] [nio-8081-exec-4] c.m.c.controller.ProductUiController     : Failed to fetch products from backend: 500 : "{"timestamp":"2026-09-13T15:07:38.464+00:00","status":500,"error":"Internal Server Error","path":"/api/product"}"
2026-09-13T11:07:38.475-04:00 ERROR 2228 --- [CatalogUi] [nio-8081-exec-4] c.m.c.controller.ProductUiController     : Failed to fetch cart from service: 500 : "{"timestamp":"2026-09-13T15:07:38.473+00:00","status":500,"error":"Internal Server Error","path":"/api/cart/user-cart-1"}"
2026-09-13T11:08:08.489-04:00 ERROR 2228 --- [CatalogUi] [nio-8081-exec-4] c.m.c.controller.ProductUiController     : Failed to fetch orders from service: 500 : "{"timestamp":"2026-09-13T15:08:08.487+00:00","status":500,"error":"Internal Server Error","path":"/api/order"}"
2026-09-13T11:08:13.192-04:00  INFO 2228 --- [CatalogUi] [nio-8081-exec-1] c.m.c.controller.ProductUiController     : UI request: fetch all products from backend URL: http://CatalogService/api/product
2026-09-13T11:08:19.848-04:00  INFO 2228 --- [CatalogUi] [rap-executor-%d] c.n.d.s.r.aws.ConfigClusterResolver      : Resolving eureka endpoints via configuration
2026-09-13T11:08:43.210-04:00 ERROR 2228 --- [CatalogUi] [nio-8081-exec-1] c.m.c.controller.ProductUiController     : Failed to fetch products from backend: 500 : "{"timestamp":"2026-09-13T15:08:43.206+00:00","status":500,"error":"Internal Server Error","path":"/api/product"}"
2026-09-13T11:08:43.228-04:00 ERROR 2228 --- [CatalogUi] [nio-8081-exec-1] c.m.c.controller.ProductUiController     : Failed to fetch cart from service: 500 : "{"timestamp":"2026-09-13T15:08:43.224+00:00","status":500,"error":"Internal Server Error","path":"/api/cart/user-cart-1"}"
2026-09-13T11:09:13.250-04:00 ERROR 2228 --- [CatalogUi] [nio-8081-exec-1] c.m.c.controller.ProductUiController     : Failed to fetch orders from service: 500 : "{"timestamp":"2026-09-13T15:09:13.247+00:00","status":500,"error":"Internal Server Error","path":"/api/order"}"
2026-09-13T11:09:17.873-04:00  INFO 2228 --- [CatalogUi] [nio-8081-exec-7] c.m.c.controller.ProductUiController     : UI request: fetch all products from backend URL: http://CatalogService/api/product
2026-09-13T11:09:47.897-04:00 ERROR 2228 --- [CatalogUi] [nio-8081-exec-7] c.m.c.controller.ProductUiController     : Failed to fetch products from backend: 500 : "{"timestamp":"2026-09-13T15:09:47.891+00:00","status":500,"error":"Internal Server Error","path":"/api/product"}"
2026-09-13T11:09:47.923-04:00 ERROR 2228 --- [CatalogUi] [nio-8081-exec-7] c.m.c.controller.ProductUiController     : Failed to fetch cart from service: 500 : "{"timestamp":"2026-09-13T15:09:47.920+00:00","status":500,"error":"Internal Server Error","path":"/api/cart/user-cart-1"}"
2026-09-13T11:10:17.956-04:00 ERROR 2228 --- [CatalogUi] [nio-8081-exec-7] c.m.c.controller.ProductUiController     : Failed to fetch orders from service: 500 : "{"timestamp":"2026-09-13T15:10:17.949+00:00","status":500,"error":"Internal Server Error","path":"/api/order"}"
2026-09-13T11:10:22.580-04:00  INFO 2228 --- [CatalogUi] [nio-8081-exec-6] c.m.c.controller.ProductUiController     : UI request: fetch all products from backend URL: http://CatalogService/api/product
2026-09-13T11:10:52.616-04:00 ERROR 2228 --- [CatalogUi] [nio-8081-exec-6] c.m.c.controller.ProductUiController     : Failed to fetch products from backend: 500 : "{"timestamp":"2026-09-13T15:10:52.607+00:00","status":500,"error":"Internal Server Error","path":"/api/product"}"
2026-09-13T11:10:52.652-04:00 ERROR 2228 --- [CatalogUi] [nio-8081-exec-6] c.m.c.controller.ProductUiController     : Failed to fetch cart from service: 500 : "{"timestamp":"2026-09-13T15:10:52.650+00:00","status":500,"error":"Internal Server Error","path":"/api/cart/user-cart-1"}"
2026-09-13T11:11:22.675-04:00 ERROR 2228 --- [CatalogUi] [nio-8081-exec-6] c.m.c.controller.ProductUiController     : Failed to fetch orders from service: 500 : "{"timestamp":"2026-09-13T15:11:22.672+00:00","status":500,"error":"Internal Server Error","path":"/api/order"}"
2026-09-13T11:11:27.268-04:00  INFO 2228 --- [CatalogUi] [nio-8081-exec-8] c.m.c.controller.ProductUiController     : UI request: fetch all products from backend URL: http://CatalogService/api/product
2026-09-13T11:11:57.285-04:00 ERROR 2228 --- [CatalogUi] [nio-8081-exec-8] c.m.c.controller.ProductUiController     : Failed to fetch products from backend: 500 : "{"timestamp":"2026-09-13T15:11:57.282+00:00","status":500,"error":"Internal Server Error","path":"/api/product"}"
2026-09-13T11:11:57.298-04:00 ERROR 2228 --- [CatalogUi] [nio-8081-exec-8] c.m.c.controller.ProductUiController     : Failed to fetch cart from service: 500 : "{"timestamp":"2026-09-13T15:11:57.297+00:00","status":500,"error":"Internal Server Error","path":"/api/cart/user-cart-1"}"
2026-09-13T11:12:27.322-04:00 ERROR 2228 --- [CatalogUi] [nio-8081-exec-8] c.m.c.controller.ProductUiController     : Failed to fetch orders from service: 500 : "{"timestamp":"2026-09-13T15:12:27.320+00:00","status":500,"error":"Internal Server Error","path":"/api/order"}"
2026-09-13T11:12:31.847-04:00  INFO 2228 --- [CatalogUi] [io-8081-exec-10] c.m.c.controller.ProductUiController     : UI request: fetch all products from backend URL: http://CatalogService/api/product
2026-09-13T11:13:01.865-04:00 ERROR 2228 --- [CatalogUi] [io-8081-exec-10] c.m.c.controller.ProductUiController     : Failed to fetch products from backend: 500 : "{"timestamp":"2026-09-13T15:13:01.862+00:00","status":500,"error":"Internal Server Error","path":"/api/product"}"
2026-09-13T11:13:01.880-04:00 ERROR 2228 --- [CatalogUi] [io-8081-exec-10] c.m.c.controller.ProductUiController     : Failed to fetch cart from service: 500 : "{"timestamp":"2026-09-13T15:13:01.878+00:00","status":500,"error":"Internal Server Error","path":"/api/cart/user-cart-1"}"
2026-09-13T11:13:19.851-04:00  INFO 2228 --- [CatalogUi] [rap-executor-%d] c.n.d.s.r.aws.ConfigClusterResolver      : Resolving eureka endpoints via configuration
2026-09-13T11:13:32.030-04:00 ERROR 2228 --- [CatalogUi] [io-8081-exec-10] c.m.c.controller.ProductUiController     : Failed to fetch orders from service: 500 : "{"timestamp":"2026-09-13T15:13:31.977+00:00","status":500,"error":"Internal Server Error","path":"/api/order"}"
2026-09-13T11:13:37.832-04:00  INFO 2228 --- [CatalogUi] [nio-8081-exec-4] c.m.c.controller.ProductUiController     : UI request: fetch all products from backend URL: http://CatalogService/api/product
2026-09-13T11:14:08.078-04:00 ERROR 2228 --- [CatalogUi] [nio-8081-exec-4] c.m.c.controller.ProductUiController     : Failed to fetch products from backend: 500 : "{"timestamp":"2026-09-13T15:14:08.065+00:00","status":500,"error":"Internal Server Error","path":"/api/product"}"
2026-09-13T11:14:08.093-04:00 ERROR 2228 --- [CatalogUi] [nio-8081-exec-4] c.m.c.controller.ProductUiController     : Failed to fetch cart from service: 500 : "{"timestamp":"2026-09-13T15:14:08.090+00:00","status":500,"error":"Internal Server Error","path":"/api/cart/user-cart-1"}"
2026-09-13T11:14:38.123-04:00 ERROR 2228 --- [CatalogUi] [nio-8081-exec-4] c.m.c.controller.ProductUiController     : Failed to fetch orders from service: 500 : "{"timestamp":"2026-09-13T15:14:38.119+00:00","status":500,"error":"Internal Server Error","path":"/api/order"}"
2026-09-13T11:14:42.831-04:00  INFO 2228 --- [CatalogUi] [nio-8081-exec-1] c.m.c.controller.ProductUiController     : UI request: fetch all products from backend URL: http://CatalogService/api/product
2026-09-13T11:15:12.845-04:00 ERROR 2228 --- [CatalogUi] [nio-8081-exec-1] c.m.c.controller.ProductUiController     : Failed to fetch products from backend: 500 : "{"timestamp":"2026-09-13T15:15:12.843+00:00","status":500,"error":"Internal Server Error","path":"/api/product"}"
2026-09-13T11:15:12.860-04:00 ERROR 2228 --- [CatalogUi] [nio-8081-exec-1] c.m.c.controller.ProductUiController     : Failed to fetch cart from service: 500 : "{"timestamp":"2026-09-13T15:15:12.858+00:00","status":500,"error":"Internal Server Error","path":"/api/cart/user-cart-1"}"
2026-09-13T11:15:42.880-04:00 ERROR 2228 --- [CatalogUi] [nio-8081-exec-1] c.m.c.controller.ProductUiController     : Failed to fetch orders from service: 500 : "{"timestamp":"2026-09-13T15:15:42.877+00:00","status":500,"error":"Internal Server Error","path":"/api/order"}"
2026-09-13T11:15:47.477-04:00  INFO 2228 --- [CatalogUi] [nio-8081-exec-7] c.m.c.controller.ProductUiController     : UI request: fetch all products from backend URL: http://CatalogService/api/product
2026-09-13T11:16:17.495-04:00 ERROR 2228 --- [CatalogUi] [nio-8081-exec-7] c.m.c.controller.ProductUiController     : Failed to fetch products from backend: 500 : "{"timestamp":"2026-09-13T15:16:17.493+00:00","status":500,"error":"Internal Server Error","path":"/api/product"}"
2026-09-13T11:16:17.507-04:00 ERROR 2228 --- [CatalogUi] [nio-8081-exec-7] c.m.c.controller.ProductUiController     : Failed to fetch cart from service: 500 : "{"timestamp":"2026-09-13T15:16:17.504+00:00","status":500,"error":"Internal Server Error","path":"/api/cart/user-cart-1"}"
2026-09-13T11:16:47.553-04:00 ERROR 2228 --- [CatalogUi] [nio-8081-exec-7] c.m.c.controller.ProductUiController     : Failed to fetch orders from service: 500 : "{"timestamp":"2026-09-13T15:16:47.546+00:00","status":500,"error":"Internal Server Error","path":"/api/order"}"
2026-09-13T11:16:52.131-04:00  INFO 2228 --- [CatalogUi] [nio-8081-exec-9] c.m.c.controller.ProductUiController     : UI request: fetch all products from backend URL: http://CatalogService/api/product
2026-09-13T11:17:22.155-04:00 ERROR 2228 --- [CatalogUi] [nio-8081-exec-9] c.m.c.controller.ProductUiController     : Failed to fetch products from backend: 500 : "{"timestamp":"2026-09-13T15:17:22.154+00:00","status":500,"error":"Internal Server Error","path":"/api/product"}"
2026-09-13T11:17:22.168-04:00 ERROR 2228 --- [CatalogUi] [nio-8081-exec-9] c.m.c.controller.ProductUiController     : Failed to fetch cart from service: 500 : "{"timestamp":"2026-09-13T15:17:22.166+00:00","status":500,"error":"Internal Server Error","path":"/api/cart/user-cart-1"}"
2026-09-13T11:17:52.184-04:00 ERROR 2228 --- [CatalogUi] [nio-8081-exec-9] c.m.c.controller.ProductUiController     : Failed to fetch orders from service: 500 : "{"timestamp":"2026-09-13T15:17:52.181+00:00","status":500,"error":"Internal Server Error","path":"/api/order"}"
2026-09-13T11:17:56.758-04:00  INFO 2228 --- [CatalogUi] [nio-8081-exec-3] c.m.c.controller.ProductUiController     : UI request: fetch all products from backend URL: http://CatalogService/api/product
2026-09-13T11:18:19.852-04:00  INFO 2228 --- [CatalogUi] [rap-executor-%d] c.n.d.s.r.aws.ConfigClusterResolver      : Resolving eureka endpoints via configuration
2026-09-13T11:18:26.779-04:00 ERROR 2228 --- [CatalogUi] [nio-8081-exec-3] c.m.c.controller.ProductUiController     : Failed to fetch products from backend: 500 : "{"timestamp":"2026-09-13T15:18:26.776+00:00","status":500,"error":"Internal Server Error","path":"/api/product"}"
2026-09-13T11:18:26.790-04:00 ERROR 2228 --- [CatalogUi] [nio-8081-exec-3] c.m.c.controller.ProductUiController     : Failed to fetch cart from service: 500 : "{"timestamp":"2026-09-13T15:18:26.788+00:00","status":500,"error":"Internal Server Error","path":"/api/cart/user-cart-1"}"
2026-09-13T11:18:56.817-04:00 ERROR 2228 --- [CatalogUi] [nio-8081-exec-3] c.m.c.controller.ProductUiController     : Failed to fetch orders from service: 500 : "{"timestamp":"2026-09-13T15:18:56.811+00:00","status":500,"error":"Internal Server Error","path":"/api/order"}"
2026-09-13T11:19:01.688-04:00  INFO 2228 --- [CatalogUi] [nio-8081-exec-4] c.m.c.controller.ProductUiController     : UI request: fetch all products from backend URL: http://CatalogService/api/product
2026-09-13T11:19:31.703-04:00 ERROR 2228 --- [CatalogUi] [nio-8081-exec-4] c.m.c.controller.ProductUiController     : Failed to fetch products from backend: 500 : "{"timestamp":"2026-09-13T15:19:31.698+00:00","status":500,"error":"Internal Server Error","path":"/api/product"}"
2026-09-13T11:19:31.718-04:00 ERROR 2228 --- [CatalogUi] [nio-8081-exec-4] c.m.c.controller.ProductUiController     : Failed to fetch cart from service: 500 : "{"timestamp":"2026-09-13T15:19:31.715+00:00","status":500,"error":"Internal Server Error","path":"/api/cart/user-cart-1"}"
2026-09-13T11:20:01.770-04:00 ERROR 2228 --- [CatalogUi] [nio-8081-exec-4] c.m.c.controller.ProductUiController     : Failed to fetch orders from service: 500 : "{"timestamp":"2026-09-13T15:20:01.758+00:00","status":500,"error":"Internal Server Error","path":"/api/order"}"
2026-09-13T11:20:06.333-04:00  INFO 2228 --- [CatalogUi] [nio-8081-exec-1] c.m.c.controller.ProductUiController     : UI request: fetch all products from backend URL: http://CatalogService/api/product
2026-09-13T11:20:36.350-04:00 ERROR 2228 --- [CatalogUi] [nio-8081-exec-1] c.m.c.controller.ProductUiController     : Failed to fetch products from backend: 500 : "{"timestamp":"2026-09-13T15:20:36.345+00:00","status":500,"error":"Internal Server Error","path":"/api/product"}"
2026-09-13T11:20:36.370-04:00 ERROR 2228 --- [CatalogUi] [nio-8081-exec-1] c.m.c.controller.ProductUiController     : Failed to fetch cart from service: 500 : "{"timestamp":"2026-09-13T15:20:36.366+00:00","status":500,"error":"Internal Server Error","path":"/api/cart/user-cart-1"}"
2026-09-13T11:20:45.624-04:00  INFO 2228 --- [CatalogUi] [nio-8081-exec-7] c.m.c.controller.ProductUiController     : UI request: fetch all products from backend URL: http://CatalogService/api/product
2026-09-13T11:21:06.399-04:00 ERROR 2228 --- [CatalogUi] [nio-8081-exec-1] c.m.c.controller.ProductUiController     : Failed to fetch orders from service: 500 : "{"timestamp":"2026-09-13T15:21:06.395+00:00","status":500,"error":"Internal Server Error","path":"/api/order"}"
2026-09-13T11:21:11.051-04:00  INFO 2228 --- [CatalogUi] [nio-8081-exec-9] c.m.c.controller.ProductUiController     : UI request: fetch all products from backend URL: http://CatalogService/api/product
2026-09-13T11:21:15.658-04:00 ERROR 2228 --- [CatalogUi] [nio-8081-exec-7] c.m.c.controller.ProductUiController     : Failed to fetch products from backend: 500 : "{"timestamp":"2026-09-13T15:21:15.656+00:00","status":500,"error":"Internal Server Error","path":"/api/product"}"
2026-09-13T11:21:15.675-04:00 ERROR 2228 --- [CatalogUi] [nio-8081-exec-7] c.m.c.controller.ProductUiController     : Failed to fetch cart from service: 500 : "{"timestamp":"2026-09-13T15:21:15.672+00:00","status":500,"error":"Internal Server Error","path":"/api/cart/user-cart-1"}"
2026-09-13T11:21:41.092-04:00 ERROR 2228 --- [CatalogUi] [nio-8081-exec-9] c.m.c.controller.ProductUiController     : Failed to fetch products from backend: 500 : "{"timestamp":"2026-09-13T15:21:41.073+00:00","status":500,"error":"Internal Server Error","path":"/api/product"}"
2026-09-13T11:21:41.115-04:00 ERROR 2228 --- [CatalogUi] [nio-8081-exec-9] c.m.c.controller.ProductUiController     : Failed to fetch cart from service: 500 : "{"timestamp":"2026-09-13T15:21:41.112+00:00","status":500,"error":"Internal Server Error","path":"/api/cart/user-cart-1"}"
2026-09-13T11:21:45.710-04:00 ERROR 2228 --- [CatalogUi] [nio-8081-exec-7] c.m.c.controller.ProductUiController     : Failed to fetch orders from service: 500 : "{"timestamp":"2026-09-13T15:21:45.696+00:00","status":500,"error":"Internal Server Error","path":"/api/order"}"
2026-09-13T11:22:11.151-04:00 ERROR 2228 --- [CatalogUi] [nio-8081-exec-9] c.m.c.controller.ProductUiController     : Failed to fetch orders from service: 500 : "{"timestamp":"2026-09-13T15:22:11.140+00:00","status":500,"error":"Internal Server Error","path":"/api/order"}"
2026-09-13T11:22:15.909-04:00  INFO 2228 --- [CatalogUi] [nio-8081-exec-4] c.m.c.controller.ProductUiController     : UI request: fetch all products from backend URL: http://CatalogService/api/product
2026-09-13T11:22:45.941-04:00 ERROR 2228 --- [CatalogUi] [nio-8081-exec-4] c.m.c.controller.ProductUiController     : Failed to fetch products from backend: 500 : "{"timestamp":"2026-09-13T15:22:45.938+00:00","status":500,"error":"Internal Server Error","path":"/api/product"}"
2026-09-13T11:22:45.967-04:00 ERROR 2228 --- [CatalogUi] [nio-8081-exec-4] c.m.c.controller.ProductUiController     : Failed to fetch cart from service: 500 : "{"timestamp":"2026-09-13T15:22:45.965+00:00","status":500,"error":"Internal Server Error","path":"/api/cart/user-cart-1"}"
2026-09-13T11:23:15.994-04:00 ERROR 2228 --- [CatalogUi] [nio-8081-exec-4] c.m.c.controller.ProductUiController     : Failed to fetch orders from service: 500 : "{"timestamp":"2026-09-13T15:23:15.992+00:00","status":500,"error":"Internal Server Error","path":"/api/order"}"
2026-09-13T11:23:19.854-04:00  INFO 2228 --- [CatalogUi] [rap-executor-%d] c.n.d.s.r.aws.ConfigClusterResolver      : Resolving eureka endpoints via configuration
2026-09-13T11:23:20.794-04:00  INFO 2228 --- [CatalogUi] [nio-8081-exec-1] c.m.c.controller.ProductUiController     : UI request: fetch all products from backend URL: http://CatalogService/api/product
2026-09-13T11:23:50.816-04:00 ERROR 2228 --- [CatalogUi] [nio-8081-exec-1] c.m.c.controller.ProductUiController     : Failed to fetch products from backend: 500 : "{"timestamp":"2026-09-13T15:23:50.814+00:00","status":500,"error":"Internal Server Error","path":"/api/product"}"
2026-09-13T11:23:50.834-04:00 ERROR 2228 --- [CatalogUi] [nio-8081-exec-1] c.m.c.controller.ProductUiController     : Failed to fetch cart from service: 500 : "{"timestamp":"2026-09-13T15:23:50.832+00:00","status":500,"error":"Internal Server Error","path":"/api/cart/user-cart-1"}"
2026-09-13T11:24:20.852-04:00 ERROR 2228 --- [CatalogUi] [nio-8081-exec-1] c.m.c.controller.ProductUiController     : Failed to fetch orders from service: 500 : "{"timestamp":"2026-09-13T15:24:20.846+00:00","status":500,"error":"Internal Server Error","path":"/api/order"}"
2026-09-13T11:24:25.510-04:00  INFO 2228 --- [CatalogUi] [nio-8081-exec-8] c.m.c.controller.ProductUiController     : UI request: fetch all products from backend URL: http://CatalogService/api/product
2026-09-13T11:24:55.533-04:00 ERROR 2228 --- [CatalogUi] [nio-8081-exec-8] c.m.c.controller.ProductUiController     : Failed to fetch products from backend: 500 : "{"timestamp":"2026-09-13T15:24:55.530+00:00","status":500,"error":"Internal Server Error","path":"/api/product"}"
2026-09-13T11:24:55.550-04:00 ERROR 2228 --- [CatalogUi] [nio-8081-exec-8] c.m.c.controller.ProductUiController     : Failed to fetch cart from service: 500 : "{"timestamp":"2026-09-13T15:24:55.546+00:00","status":500,"error":"Internal Server Error","path":"/api/cart/user-cart-1"}"
2026-09-13T11:25:25.576-04:00 ERROR 2228 --- [CatalogUi] [nio-8081-exec-8] c.m.c.controller.ProductUiController     : Failed to fetch orders from service: 500 : "{"timestamp":"2026-09-13T15:25:25.568+00:00","status":500,"error":"Internal Server Error","path":"/api/order"}"
2026-09-13T11:25:30.456-04:00  INFO 2228 --- [CatalogUi] [nio-8081-exec-7] c.m.c.controller.ProductUiController     : UI request: fetch all products from backend URL: http://CatalogService/api/product
2026-09-13T11:26:00.486-04:00 ERROR 2228 --- [CatalogUi] [nio-8081-exec-7] c.m.c.controller.ProductUiController     : Failed to fetch products from backend: 500 : "{"timestamp":"2026-09-13T15:26:00.480+00:00","status":500,"error":"Internal Server Error","path":"/api/product"}"
2026-09-13T11:26:00.510-04:00 ERROR 2228 --- [CatalogUi] [nio-8081-exec-7] c.m.c.controller.ProductUiController     : Failed to fetch cart from service: 500 : "{"timestamp":"2026-09-13T15:26:00.507+00:00","status":500,"error":"Internal Server Error","path":"/api/cart/user-cart-1"}"
2026-09-13T11:26:30.541-04:00 ERROR 2228 --- [CatalogUi] [nio-8081-exec-7] c.m.c.controller.ProductUiController     : Failed to fetch orders from service: 500 : "{"timestamp":"2026-09-13T15:26:30.536+00:00","status":500,"error":"Internal Server Error","path":"/api/order"}"
2026-09-13T11:26:35.184-04:00  INFO 2228 --- [CatalogUi] [nio-8081-exec-9] c.m.c.controller.ProductUiController     : UI request: fetch all products from backend URL: http://CatalogService/api/product
2026-09-13T11:27:05.200-04:00 ERROR 2228 --- [CatalogUi] [nio-8081-exec-9] c.m.c.controller.ProductUiController     : Failed to fetch products from backend: 500 : "{"timestamp":"2026-09-13T15:27:05.196+00:00","status":500,"error":"Internal Server Error","path":"/api/product"}"
2026-09-13T11:27:05.226-04:00 ERROR 2228 --- [CatalogUi] [nio-8081-exec-9] c.m.c.controller.ProductUiController     : Failed to fetch cart from service: 500 : "{"timestamp":"2026-09-13T15:27:05.218+00:00","status":500,"error":"Internal Server Error","path":"/api/cart/user-cart-1"}"
2026-09-13T11:27:35.251-04:00 ERROR 2228 --- [CatalogUi] [nio-8081-exec-9] c.m.c.controller.ProductUiController     : Failed to fetch orders from service: 500 : "{"timestamp":"2026-09-13T15:27:35.248+00:00","status":500,"error":"Internal Server Error","path":"/api/order"}"
2026-09-13T11:28:19.860-04:00  INFO 2228 --- [CatalogUi] [rap-executor-%d] c.n.d.s.r.aws.ConfigClusterResolver      : Resolving eureka endpoints via configuration
2026-09-13T11:33:19.876-04:00  INFO 2228 --- [CatalogUi] [rap-executor-%d] c.n.d.s.r.aws.ConfigClusterResolver      : Resolving eureka endpoints via configuration
2026-09-13T11:38:19.883-04:00  INFO 2228 --- [CatalogUi] [rap-executor-%d] c.n.d.s.r.aws.ConfigClusterResolver      : Resolving eureka endpoints via configuration
2026-09-13T11:43:19.897-04:00  INFO 2228 --- [CatalogUi] [rap-executor-%d] c.n.d.s.r.aws.ConfigClusterResolver      : Resolving eureka endpoints via configuration
2026-09-13T11:48:19.918-04:00  INFO 2228 --- [CatalogUi] [rap-executor-%d] c.n.d.s.r.aws.ConfigClusterResolver      : Resolving eureka endpoints via configuration
2026-09-13T11:53:19.932-04:00  INFO 2228 --- [CatalogUi] [rap-executor-%d] c.n.d.s.r.aws.ConfigClusterResolver      : Resolving eureka endpoints via configuration
2026-09-13T11:58:19.938-04:00  INFO 2228 --- [CatalogUi] [rap-executor-%d] c.n.d.s.r.aws.ConfigClusterResolver      : Resolving eureka endpoints via configuration
2026-09-13T12:03:19.941-04:00  INFO 2228 --- [CatalogUi] [rap-executor-%d] c.n.d.s.r.aws.ConfigClusterResolver      : Resolving eureka endpoints via configuration
2026-09-13T12:08:19.950-04:00  INFO 2228 --- [CatalogUi] [rap-executor-%d] c.n.d.s.r.aws.ConfigClusterResolver      : Resolving eureka endpoints via configuration
2026-09-13T12:13:19.960-04:00  INFO 2228 --- [CatalogUi] [rap-executor-%d] c.n.d.s.r.aws.ConfigClusterResolver      : Resolving eureka endpoints via configuration
2026-09-13T12:18:19.974-04:00  INFO 2228 --- [CatalogUi] [rap-executor-%d] c.n.d.s.r.aws.ConfigClusterResolver      : Resolving eureka endpoints via configuration
2026-09-13T12:23:19.978-04:00  INFO 2228 --- [CatalogUi] [rap-executor-%d] c.n.d.s.r.aws.ConfigClusterResolver      : Resolving eureka endpoints via configuration
2026-09-13T12:28:19.990-04:00  INFO 2228 --- [CatalogUi] [rap-executor-%d] c.n.d.s.r.aws.ConfigClusterResolver      : Resolving eureka endpoints via configuration
2026-09-13T12:33:20.007-04:00  INFO 2228 --- [CatalogUi] [rap-executor-%d] c.n.d.s.r.aws.ConfigClusterResolver      : Resolving eureka endpoints via configuration
2026-09-13T12:38:20.018-04:00  INFO 2228 --- [CatalogUi] [rap-executor-%d] c.n.d.s.r.aws.ConfigClusterResolver      : Resolving eureka endpoints via configuration
2026-09-13T12:43:20.034-04:00  INFO 2228 --- [CatalogUi] [rap-executor-%d] c.n.d.s.r.aws.ConfigClusterResolver      : Resolving eureka endpoints via configuration
2026-09-13T12:48:20.052-04:00  INFO 2228 --- [CatalogUi] [rap-executor-%d] c.n.d.s.r.aws.ConfigClusterResolver      : Resolving eureka endpoints via configuration
2026-09-13T12:53:20.059-04:00  INFO 2228 --- [CatalogUi] [rap-executor-%d] c.n.d.s.r.aws.ConfigClusterResolver      : Resolving eureka endpoints via configuration
2026-09-13T12:58:20.064-04:00  INFO 2228 --- [CatalogUi] [rap-executor-%d] c.n.d.s.r.aws.ConfigClusterResolver      : Resolving eureka endpoints via configuration
2026-09-13T13:03:20.069-04:00  INFO 2228 --- [CatalogUi] [rap-executor-%d] c.n.d.s.r.aws.ConfigClusterResolver      : Resolving eureka endpoints via configuration
2026-09-13T13:08:20.085-04:00  INFO 2228 --- [CatalogUi] [rap-executor-%d] c.n.d.s.r.aws.ConfigClusterResolver      : Resolving eureka endpoints via configuration
2026-09-13T13:13:20.091-04:00  INFO 2228 --- [CatalogUi] [rap-executor-%d] c.n.d.s.r.aws.ConfigClusterResolver      : Resolving eureka endpoints via configuration
2026-09-13T13:18:20.099-04:00  INFO 2228 --- [CatalogUi] [rap-executor-%d] c.n.d.s.r.aws.ConfigClusterResolver      : Resolving eureka endpoints via configuration
2026-09-13T13:23:20.107-04:00  INFO 2228 --- [CatalogUi] [rap-executor-%d] c.n.d.s.r.aws.ConfigClusterResolver      : Resolving eureka endpoints via configuration
2026-09-13T13:28:20.112-04:00  INFO 2228 --- [CatalogUi] [rap-executor-%d] c.n.d.s.r.aws.ConfigClusterResolver      : Resolving eureka endpoints via configuration
2026-09-13T13:33:20.117-04:00  INFO 2228 --- [CatalogUi] [rap-executor-%d] c.n.d.s.r.aws.ConfigClusterResolver      : Resolving eureka endpoints via configuration
2026-09-13T13:38:20.122-04:00  INFO 2228 --- [CatalogUi] [rap-executor-%d] c.n.d.s.r.aws.ConfigClusterResolver      : Resolving eureka endpoints via configuration
2026-09-13T13:43:20.128-04:00  INFO 2228 --- [CatalogUi] [rap-executor-%d] c.n.d.s.r.aws.ConfigClusterResolver      : Resolving eureka endpoints via configuration
2026-09-13T13:48:20.141-04:00  INFO 2228 --- [CatalogUi] [rap-executor-%d] c.n.d.s.r.aws.ConfigClusterResolver      : Resolving eureka endpoints via configuration
