Standard Commons Logging discovery in action with spring-jcl: please remove commons-logging.jar from classpath in order to avoid potential conflicts

  .   ____          _            __ _ _
 /\\ / ___'_ __ _ _(_)_ __  __ _ \ \ \ \
( ( )\___ | '_ | '_| | '_ \/ _` | \ \ \ \
 \\/  ___)| |_)| | | | | || (_| |  ) ) ) )
  '  |____| .__|_| |_|_| |_\__, | / / / /
 =========|_|==============|___/=/_/_/_/

 :: Spring Boot ::                (v3.3.4)

2026-09-13T10:56:02.779-04:00  INFO 31476 --- [           main] c.m.s.ServiceRegistryApplication         : Starting ServiceRegistryApplication v0.0.1-SNAPSHOT using Java 17.0.17 with PID 31476 (C:\Projects\buyr\service-registry\target\ServiceRegistry-0.0.1-SNAPSHOT.jar started by Shravan in C:\Projects\buyr\service-registry)
2026-09-13T10:56:02.788-04:00  INFO 31476 --- [           main] c.m.s.ServiceRegistryApplication         : No active profile set, falling back to 1 default profile: "default"
2026-09-13T10:56:05.885-04:00  INFO 31476 --- [           main] o.s.cloud.context.scope.GenericScope     : BeanFactory id=5edf77d0-f109-334e-864c-34b2adad1fd9
2026-09-13T10:56:06.318-04:00  WARN 31476 --- [           main] trationDelegate$BeanPostProcessorChecker : Bean 'org.springframework.cloud.client.loadbalancer.LoadBalancerAutoConfiguration$DeferringLoadBalancerInterceptorConfig' of type [org.springframework.cloud.client.loadbalancer.LoadBalancerAutoConfiguration$DeferringLoadBalancerInterceptorConfig] is not eligible for getting processed by all BeanPostProcessors (for example: not eligible for auto-proxying). The currently created BeanPostProcessor [lbRestClientPostProcessor] is declared through a non-static factory method on that class; consider declaring it as static instead.
2026-09-13T10:56:06.330-04:00  WARN 31476 --- [           main] trationDelegate$BeanPostProcessorChecker : Bean 'deferringLoadBalancerInterceptor' of type [org.springframework.cloud.client.loadbalancer.DeferringLoadBalancerInterceptor] is not eligible for getting processed by all BeanPostProcessors (for example: not eligible for auto-proxying). Is this bean getting eagerly injected into a currently created BeanPostProcessor [lbRestClientPostProcessor]? Check the corresponding BeanPostProcessor declaration and its dependencies.
2026-09-13T10:56:07.643-04:00  INFO 31476 --- [           main] o.s.b.w.embedded.tomcat.TomcatWebServer  : Tomcat initialized with port 8761 (http)
2026-09-13T10:56:07.672-04:00  INFO 31476 --- [           main] o.apache.catalina.core.StandardService   : Starting service [Tomcat]
2026-09-13T10:56:07.673-04:00  INFO 31476 --- [           main] o.apache.catalina.core.StandardEngine    : Starting Servlet engine: [Apache Tomcat/10.1.30]
2026-09-13T10:56:07.761-04:00  INFO 31476 --- [           main] o.a.c.c.C.[Tomcat].[localhost].[/]       : Initializing Spring embedded WebApplicationContext
2026-09-13T10:56:07.762-04:00  INFO 31476 --- [           main] w.s.c.ServletWebServerApplicationContext : Root WebApplicationContext: initialization completed in 4801 ms
Standard Commons Logging discovery in action with spring-jcl: please remove commons-logging.jar from classpath in order to avoid potential conflicts
2026-09-13T10:56:10.409-04:00  INFO 31476 --- [           main] c.n.d.provider.DiscoveryJerseyProvider   : Using JSON encoding codec LegacyJacksonJson
2026-09-13T10:56:10.413-04:00  INFO 31476 --- [           main] c.n.d.provider.DiscoveryJerseyProvider   : Using JSON decoding codec LegacyJacksonJson
2026-09-13T10:56:10.964-04:00  INFO 31476 --- [           main] c.n.d.provider.DiscoveryJerseyProvider   : Using XML encoding codec XStreamXml
2026-09-13T10:56:10.965-04:00  INFO 31476 --- [           main] c.n.d.provider.DiscoveryJerseyProvider   : Using XML decoding codec XStreamXml
2026-09-13T10:56:14.122-04:00  WARN 31476 --- [           main] iguration$LoadBalancerCaffeineWarnLogger : Spring Cloud LoadBalancer is currently working with the default cache. While this cache implementation is useful for development and tests, it's recommended to use Caffeine cache in production.You can switch to using Caffeine cache, by adding it and org.springframework.cache.caffeine.CaffeineCacheManager to the classpath.
2026-09-13T10:56:14.186-04:00  INFO 31476 --- [           main] o.s.c.n.eureka.InstanceInfoFactory       : Setting initial instance status as: STARTING
2026-09-13T10:56:14.223-04:00  INFO 31476 --- [           main] com.netflix.discovery.DiscoveryClient    : Initializing Eureka in region us-east-1
2026-09-13T10:56:14.224-04:00  INFO 31476 --- [           main] com.netflix.discovery.DiscoveryClient    : Client configured to neither register nor query for data.
2026-09-13T10:56:14.228-04:00  INFO 31476 --- [           main] com.netflix.discovery.DiscoveryClient    : Discovery Client initialized at timestamp 1789311374225 with initial instances count: 0
2026-09-13T10:56:14.443-04:00  INFO 31476 --- [           main] c.n.eureka.DefaultEurekaServerContext    : Initializing ...
2026-09-13T10:56:14.446-04:00  INFO 31476 --- [           main] c.n.eureka.cluster.PeerEurekaNodes       : Adding new peer nodes [http://localhost:8761/eureka/]
2026-09-13T10:56:14.872-04:00  INFO 31476 --- [           main] c.n.d.provider.DiscoveryJerseyProvider   : Using JSON encoding codec LegacyJacksonJson
2026-09-13T10:56:14.873-04:00  INFO 31476 --- [           main] c.n.d.provider.DiscoveryJerseyProvider   : Using JSON decoding codec LegacyJacksonJson
2026-09-13T10:56:14.873-04:00  INFO 31476 --- [           main] c.n.d.provider.DiscoveryJerseyProvider   : Using XML encoding codec XStreamXml
2026-09-13T10:56:14.873-04:00  INFO 31476 --- [           main] c.n.d.provider.DiscoveryJerseyProvider   : Using XML decoding codec XStreamXml
2026-09-13T10:56:14.979-04:00  INFO 31476 --- [           main] c.n.eureka.cluster.PeerEurekaNodes       : Replica node URL:  http://localhost:8761/eureka/
2026-09-13T10:56:15.017-04:00  INFO 31476 --- [           main] c.n.e.registry.AbstractInstanceRegistry  : Finished initializing remote region registries. All known remote regions: []
2026-09-13T10:56:15.017-04:00  INFO 31476 --- [           main] c.n.eureka.DefaultEurekaServerContext    : Initialized
2026-09-13T10:56:15.046-04:00  INFO 31476 --- [           main] o.s.b.a.e.web.EndpointLinksResolver      : Exposing 1 endpoint beneath base path '/actuator'
2026-09-13T10:56:15.249-04:00  INFO 31476 --- [           main] o.s.c.n.e.s.EurekaServiceRegistry        : Registering application UNKNOWN with eureka with status UP
2026-09-13T10:56:15.290-04:00  INFO 31476 --- [       Thread-9] o.s.c.n.e.server.EurekaServerBootstrap   : isAws returned false
2026-09-13T10:56:15.291-04:00  INFO 31476 --- [       Thread-9] o.s.c.n.e.server.EurekaServerBootstrap   : Initialized server context
2026-09-13T10:56:15.292-04:00  INFO 31476 --- [       Thread-9] c.n.e.r.PeerAwareInstanceRegistryImpl    : Got 1 instances from neighboring DS node
2026-09-13T10:56:15.292-04:00  INFO 31476 --- [       Thread-9] c.n.e.r.PeerAwareInstanceRegistryImpl    : Renew threshold is: 1
2026-09-13T10:56:15.292-04:00  INFO 31476 --- [       Thread-9] c.n.e.r.PeerAwareInstanceRegistryImpl    : Changing status to UP
2026-09-13T10:56:15.299-04:00  INFO 31476 --- [       Thread-9] e.s.EurekaServerInitializerConfiguration : Started Eureka Server
2026-09-13T10:56:15.458-04:00  INFO 31476 --- [           main] o.s.b.w.embedded.tomcat.TomcatWebServer  : Tomcat started on port 8761 (http) with context path '/'
2026-09-13T10:56:15.460-04:00  INFO 31476 --- [           main] .s.c.n.e.s.EurekaAutoServiceRegistration : Updating port to 8761
2026-09-13T10:56:15.614-04:00  INFO 31476 --- [nio-8761-exec-2] o.a.c.c.C.[Tomcat].[localhost].[/]       : Initializing Spring DispatcherServlet 'dispatcherServlet'
2026-09-13T10:56:15.614-04:00  INFO 31476 --- [nio-8761-exec-2] o.s.web.servlet.DispatcherServlet        : Initializing Servlet 'dispatcherServlet'
2026-09-13T10:56:15.616-04:00  INFO 31476 --- [nio-8761-exec-2] o.s.web.servlet.DispatcherServlet        : Completed initialization in 2 ms
2026-09-13T10:56:16.209-04:00  INFO 31476 --- [           main] c.m.s.ServiceRegistryApplication         : Started ServiceRegistryApplication in 14.826 seconds (process running for 16.387)
2026-09-13T10:57:15.612-04:00  INFO 31476 --- [a-EvictionTimer] c.n.e.registry.AbstractInstanceRegistry  : Running the evict task with compensationTime 0ms
2026-09-13T10:57:49.126-04:00  INFO 31476 --- [nio-8761-exec-7] c.n.e.registry.AbstractInstanceRegistry  : Registered instance CATALOGSERVICE/host.docker.internal:CatalogService:8080 with status UP (replication=false)
2026-09-13T10:57:50.418-04:00  INFO 31476 --- [nio-8761-exec-8] c.n.e.registry.AbstractInstanceRegistry  : Registered instance CATALOGSERVICE/host.docker.internal:CatalogService:8080 with status UP (replication=true)
2026-09-13T10:57:59.336-04:00  INFO 31476 --- [io-8761-exec-10] c.n.e.registry.AbstractInstanceRegistry  : Registered instance CARTSERVICE/host.docker.internal:CartService:8082 with status UP (replication=false)
2026-09-13T10:57:59.855-04:00  INFO 31476 --- [nio-8761-exec-2] c.n.e.registry.AbstractInstanceRegistry  : Registered instance CARTSERVICE/host.docker.internal:CartService:8082 with status UP (replication=true)
2026-09-13T10:58:14.476-04:00  INFO 31476 --- [nio-8761-exec-3] c.n.e.registry.AbstractInstanceRegistry  : Registered instance ORDERSERVICE/host.docker.internal:OrderService:8083 with status UP (replication=false)
2026-09-13T10:58:14.996-04:00  INFO 31476 --- [nio-8761-exec-4] c.n.e.registry.AbstractInstanceRegistry  : Registered instance ORDERSERVICE/host.docker.internal:OrderService:8083 with status UP (replication=true)
2026-09-13T10:58:15.624-04:00  INFO 31476 --- [a-EvictionTimer] c.n.e.registry.AbstractInstanceRegistry  : Running the evict task with compensationTime 11ms
2026-09-13T10:58:22.728-04:00  INFO 31476 --- [nio-8761-exec-9] c.n.e.registry.AbstractInstanceRegistry  : Registered instance CATALOGUI/host.docker.internal:CatalogUi:8081 with status UP (replication=false)
2026-09-13T10:58:23.259-04:00  INFO 31476 --- [io-8761-exec-10] c.n.e.registry.AbstractInstanceRegistry  : Registered instance CATALOGUI/host.docker.internal:CatalogUi:8081 with status UP (replication=true)
2026-09-13T10:59:15.626-04:00  INFO 31476 --- [a-EvictionTimer] c.n.e.registry.AbstractInstanceRegistry  : Running the evict task with compensationTime 1ms
2026-09-13T11:00:15.626-04:00  INFO 31476 --- [a-EvictionTimer] c.n.e.registry.AbstractInstanceRegistry  : Running the evict task with compensationTime 0ms
2026-09-13T11:01:15.627-04:00  INFO 31476 --- [a-EvictionTimer] c.n.e.registry.AbstractInstanceRegistry  : Running the evict task with compensationTime 0ms
2026-09-13T11:02:15.628-04:00  INFO 31476 --- [a-EvictionTimer] c.n.e.registry.AbstractInstanceRegistry  : Running the evict task with compensationTime 0ms
2026-09-13T11:03:15.629-04:00  INFO 31476 --- [a-EvictionTimer] c.n.e.registry.AbstractInstanceRegistry  : Running the evict task with compensationTime 1ms
2026-09-13T11:04:15.629-04:00  INFO 31476 --- [a-EvictionTimer] c.n.e.registry.AbstractInstanceRegistry  : Running the evict task with compensationTime 0ms
2026-09-13T11:05:15.630-04:00  INFO 31476 --- [a-EvictionTimer] c.n.e.registry.AbstractInstanceRegistry  : Running the evict task with compensationTime 0ms
2026-09-13T11:06:15.638-04:00  INFO 31476 --- [a-EvictionTimer] c.n.e.registry.AbstractInstanceRegistry  : Running the evict task with compensationTime 8ms
2026-09-13T11:07:15.639-04:00  INFO 31476 --- [a-EvictionTimer] c.n.e.registry.AbstractInstanceRegistry  : Running the evict task with compensationTime 0ms
2026-09-13T11:08:15.640-04:00  INFO 31476 --- [a-EvictionTimer] c.n.e.registry.AbstractInstanceRegistry  : Running the evict task with compensationTime 0ms
2026-09-13T11:09:15.641-04:00  INFO 31476 --- [a-EvictionTimer] c.n.e.registry.AbstractInstanceRegistry  : Running the evict task with compensationTime 0ms
2026-09-13T11:10:15.641-04:00  INFO 31476 --- [a-EvictionTimer] c.n.e.registry.AbstractInstanceRegistry  : Running the evict task with compensationTime 0ms
2026-09-13T11:11:15.026-04:00  INFO 31476 --- [hresholdUpdater] c.n.e.r.PeerAwareInstanceRegistryImpl    : Current renewal threshold is : 8
2026-09-13T11:11:15.642-04:00  INFO 31476 --- [a-EvictionTimer] c.n.e.registry.AbstractInstanceRegistry  : Running the evict task with compensationTime 0ms
2026-09-13T11:12:15.642-04:00  INFO 31476 --- [a-EvictionTimer] c.n.e.registry.AbstractInstanceRegistry  : Running the evict task with compensationTime 0ms
2026-09-13T11:13:15.660-04:00  INFO 31476 --- [a-EvictionTimer] c.n.e.registry.AbstractInstanceRegistry  : Running the evict task with compensationTime 17ms
2026-09-13T11:14:15.668-04:00  INFO 31476 --- [a-EvictionTimer] c.n.e.registry.AbstractInstanceRegistry  : Running the evict task with compensationTime 5ms
2026-09-13T11:15:15.669-04:00  INFO 31476 --- [a-EvictionTimer] c.n.e.registry.AbstractInstanceRegistry  : Running the evict task with compensationTime 2ms
2026-09-13T11:16:15.668-04:00  INFO 31476 --- [a-EvictionTimer] c.n.e.registry.AbstractInstanceRegistry  : Running the evict task with compensationTime 0ms
2026-09-13T11:17:15.668-04:00  INFO 31476 --- [a-EvictionTimer] c.n.e.registry.AbstractInstanceRegistry  : Running the evict task with compensationTime 0ms
2026-09-13T11:18:15.676-04:00  INFO 31476 --- [a-EvictionTimer] c.n.e.registry.AbstractInstanceRegistry  : Running the evict task with compensationTime 6ms
2026-09-13T11:19:15.681-04:00  INFO 31476 --- [a-EvictionTimer] c.n.e.registry.AbstractInstanceRegistry  : Running the evict task with compensationTime 5ms
2026-09-13T11:20:15.688-04:00  INFO 31476 --- [a-EvictionTimer] c.n.e.registry.AbstractInstanceRegistry  : Running the evict task with compensationTime 6ms
2026-09-13T11:21:15.689-04:00  INFO 31476 --- [a-EvictionTimer] c.n.e.registry.AbstractInstanceRegistry  : Running the evict task with compensationTime 1ms
2026-09-13T11:22:15.690-04:00  INFO 31476 --- [a-EvictionTimer] c.n.e.registry.AbstractInstanceRegistry  : Running the evict task with compensationTime 1ms
2026-09-13T11:23:15.701-04:00  INFO 31476 --- [a-EvictionTimer] c.n.e.registry.AbstractInstanceRegistry  : Running the evict task with compensationTime 10ms
2026-09-13T11:24:15.702-04:00  INFO 31476 --- [a-EvictionTimer] c.n.e.registry.AbstractInstanceRegistry  : Running the evict task with compensationTime 0ms
2026-09-13T11:25:15.702-04:00  INFO 31476 --- [a-EvictionTimer] c.n.e.registry.AbstractInstanceRegistry  : Running the evict task with compensationTime 0ms
2026-09-13T11:26:15.030-04:00  INFO 31476 --- [hresholdUpdater] c.n.e.r.PeerAwareInstanceRegistryImpl    : Current renewal threshold is : 8
2026-09-13T11:26:15.703-04:00  INFO 31476 --- [a-EvictionTimer] c.n.e.registry.AbstractInstanceRegistry  : Running the evict task with compensationTime 0ms
2026-09-13T11:27:15.703-04:00  INFO 31476 --- [a-EvictionTimer] c.n.e.registry.AbstractInstanceRegistry  : Running the evict task with compensationTime 0ms
2026-09-13T11:28:15.704-04:00  INFO 31476 --- [a-EvictionTimer] c.n.e.registry.AbstractInstanceRegistry  : Running the evict task with compensationTime 0ms
2026-09-13T11:29:15.706-04:00  INFO 31476 --- [a-EvictionTimer] c.n.e.registry.AbstractInstanceRegistry  : Running the evict task with compensationTime 0ms
2026-09-13T11:30:15.706-04:00  INFO 31476 --- [a-EvictionTimer] c.n.e.registry.AbstractInstanceRegistry  : Running the evict task with compensationTime 1ms
2026-09-13T11:31:15.707-04:00  INFO 31476 --- [a-EvictionTimer] c.n.e.registry.AbstractInstanceRegistry  : Running the evict task with compensationTime 0ms
2026-09-13T11:32:15.707-04:00  INFO 31476 --- [a-EvictionTimer] c.n.e.registry.AbstractInstanceRegistry  : Running the evict task with compensationTime 0ms
2026-09-13T11:33:15.708-04:00  INFO 31476 --- [a-EvictionTimer] c.n.e.registry.AbstractInstanceRegistry  : Running the evict task with compensationTime 0ms
2026-09-13T11:34:15.709-04:00  INFO 31476 --- [a-EvictionTimer] c.n.e.registry.AbstractInstanceRegistry  : Running the evict task with compensationTime 0ms
2026-09-13T11:35:15.710-04:00  INFO 31476 --- [a-EvictionTimer] c.n.e.registry.AbstractInstanceRegistry  : Running the evict task with compensationTime 0ms
2026-09-13T11:36:15.710-04:00  INFO 31476 --- [a-EvictionTimer] c.n.e.registry.AbstractInstanceRegistry  : Running the evict task with compensationTime 0ms
2026-09-13T11:37:15.711-04:00  INFO 31476 --- [a-EvictionTimer] c.n.e.registry.AbstractInstanceRegistry  : Running the evict task with compensationTime 0ms
2026-09-13T11:38:15.711-04:00  INFO 31476 --- [a-EvictionTimer] c.n.e.registry.AbstractInstanceRegistry  : Running the evict task with compensationTime 0ms
2026-09-13T11:39:15.712-04:00  INFO 31476 --- [a-EvictionTimer] c.n.e.registry.AbstractInstanceRegistry  : Running the evict task with compensationTime 0ms
2026-09-13T11:40:15.713-04:00  INFO 31476 --- [a-EvictionTimer] c.n.e.registry.AbstractInstanceRegistry  : Running the evict task with compensationTime 1ms
2026-09-13T11:41:15.033-04:00  INFO 31476 --- [hresholdUpdater] c.n.e.r.PeerAwareInstanceRegistryImpl    : Current renewal threshold is : 8
2026-09-13T11:41:15.714-04:00  INFO 31476 --- [a-EvictionTimer] c.n.e.registry.AbstractInstanceRegistry  : Running the evict task with compensationTime 0ms
2026-09-13T11:42:15.715-04:00  INFO 31476 --- [a-EvictionTimer] c.n.e.registry.AbstractInstanceRegistry  : Running the evict task with compensationTime 0ms
2026-09-13T11:43:15.715-04:00  INFO 31476 --- [a-EvictionTimer] c.n.e.registry.AbstractInstanceRegistry  : Running the evict task with compensationTime 0ms
2026-09-13T11:44:15.716-04:00  INFO 31476 --- [a-EvictionTimer] c.n.e.registry.AbstractInstanceRegistry  : Running the evict task with compensationTime 1ms
2026-09-13T11:45:15.716-04:00  INFO 31476 --- [a-EvictionTimer] c.n.e.registry.AbstractInstanceRegistry  : Running the evict task with compensationTime 0ms
2026-09-13T11:46:15.717-04:00  INFO 31476 --- [a-EvictionTimer] c.n.e.registry.AbstractInstanceRegistry  : Running the evict task with compensationTime 0ms
2026-09-13T11:47:15.718-04:00  INFO 31476 --- [a-EvictionTimer] c.n.e.registry.AbstractInstanceRegistry  : Running the evict task with compensationTime 0ms
2026-09-13T11:48:15.718-04:00  INFO 31476 --- [a-EvictionTimer] c.n.e.registry.AbstractInstanceRegistry  : Running the evict task with compensationTime 0ms
2026-09-13T11:49:15.719-04:00  INFO 31476 --- [a-EvictionTimer] c.n.e.registry.AbstractInstanceRegistry  : Running the evict task with compensationTime 0ms
2026-09-13T11:50:15.719-04:00  INFO 31476 --- [a-EvictionTimer] c.n.e.registry.AbstractInstanceRegistry  : Running the evict task with compensationTime 0ms
2026-09-13T11:51:15.720-04:00  INFO 31476 --- [a-EvictionTimer] c.n.e.registry.AbstractInstanceRegistry  : Running the evict task with compensationTime 0ms
2026-09-13T11:52:15.720-04:00  INFO 31476 --- [a-EvictionTimer] c.n.e.registry.AbstractInstanceRegistry  : Running the evict task with compensationTime 0ms
2026-09-13T11:53:15.724-04:00  INFO 31476 --- [a-EvictionTimer] c.n.e.registry.AbstractInstanceRegistry  : Running the evict task with compensationTime 4ms
2026-09-13T11:54:15.724-04:00  INFO 31476 --- [a-EvictionTimer] c.n.e.registry.AbstractInstanceRegistry  : Running the evict task with compensationTime 0ms
2026-09-13T11:55:15.725-04:00  INFO 31476 --- [a-EvictionTimer] c.n.e.registry.AbstractInstanceRegistry  : Running the evict task with compensationTime 0ms
2026-09-13T11:56:15.035-04:00  INFO 31476 --- [hresholdUpdater] c.n.e.r.PeerAwareInstanceRegistryImpl    : Current renewal threshold is : 8
2026-09-13T11:56:15.725-04:00  INFO 31476 --- [a-EvictionTimer] c.n.e.registry.AbstractInstanceRegistry  : Running the evict task with compensationTime 0ms
2026-09-13T11:57:15.726-04:00  INFO 31476 --- [a-EvictionTimer] c.n.e.registry.AbstractInstanceRegistry  : Running the evict task with compensationTime 0ms
2026-09-13T11:58:15.727-04:00  INFO 31476 --- [a-EvictionTimer] c.n.e.registry.AbstractInstanceRegistry  : Running the evict task with compensationTime 1ms
2026-09-13T11:59:15.728-04:00  INFO 31476 --- [a-EvictionTimer] c.n.e.registry.AbstractInstanceRegistry  : Running the evict task with compensationTime 0ms
2026-09-13T12:00:15.728-04:00  INFO 31476 --- [a-EvictionTimer] c.n.e.registry.AbstractInstanceRegistry  : Running the evict task with compensationTime 0ms
2026-09-13T12:01:15.729-04:00  INFO 31476 --- [a-EvictionTimer] c.n.e.registry.AbstractInstanceRegistry  : Running the evict task with compensationTime 0ms
2026-09-13T12:02:15.730-04:00  INFO 31476 --- [a-EvictionTimer] c.n.e.registry.AbstractInstanceRegistry  : Running the evict task with compensationTime 0ms
2026-09-13T12:03:15.731-04:00  INFO 31476 --- [a-EvictionTimer] c.n.e.registry.AbstractInstanceRegistry  : Running the evict task with compensationTime 0ms
2026-09-13T12:04:15.731-04:00  INFO 31476 --- [a-EvictionTimer] c.n.e.registry.AbstractInstanceRegistry  : Running the evict task with compensationTime 0ms
2026-09-13T12:05:15.732-04:00  INFO 31476 --- [a-EvictionTimer] c.n.e.registry.AbstractInstanceRegistry  : Running the evict task with compensationTime 1ms
2026-09-13T12:06:15.733-04:00  INFO 31476 --- [a-EvictionTimer] c.n.e.registry.AbstractInstanceRegistry  : Running the evict task with compensationTime 0ms
2026-09-13T12:07:15.734-04:00  INFO 31476 --- [a-EvictionTimer] c.n.e.registry.AbstractInstanceRegistry  : Running the evict task with compensationTime 1ms
2026-09-13T12:08:15.734-04:00  INFO 31476 --- [a-EvictionTimer] c.n.e.registry.AbstractInstanceRegistry  : Running the evict task with compensationTime 0ms
2026-09-13T12:09:15.734-04:00  INFO 31476 --- [a-EvictionTimer] c.n.e.registry.AbstractInstanceRegistry  : Running the evict task with compensationTime 0ms
2026-09-13T12:10:15.735-04:00  INFO 31476 --- [a-EvictionTimer] c.n.e.registry.AbstractInstanceRegistry  : Running the evict task with compensationTime 0ms
2026-09-13T12:11:15.038-04:00  INFO 31476 --- [hresholdUpdater] c.n.e.r.PeerAwareInstanceRegistryImpl    : Current renewal threshold is : 8
2026-09-13T12:11:15.736-04:00  INFO 31476 --- [a-EvictionTimer] c.n.e.registry.AbstractInstanceRegistry  : Running the evict task with compensationTime 0ms
2026-09-13T12:12:15.736-04:00  INFO 31476 --- [a-EvictionTimer] c.n.e.registry.AbstractInstanceRegistry  : Running the evict task with compensationTime 0ms
2026-09-13T12:13:15.737-04:00  INFO 31476 --- [a-EvictionTimer] c.n.e.registry.AbstractInstanceRegistry  : Running the evict task with compensationTime 0ms
2026-09-13T12:14:15.738-04:00  INFO 31476 --- [a-EvictionTimer] c.n.e.registry.AbstractInstanceRegistry  : Running the evict task with compensationTime 0ms
2026-09-13T12:15:15.739-04:00  INFO 31476 --- [a-EvictionTimer] c.n.e.registry.AbstractInstanceRegistry  : Running the evict task with compensationTime 0ms
2026-09-13T12:16:15.741-04:00  INFO 31476 --- [a-EvictionTimer] c.n.e.registry.AbstractInstanceRegistry  : Running the evict task with compensationTime 1ms
2026-09-13T12:17:15.742-04:00  INFO 31476 --- [a-EvictionTimer] c.n.e.registry.AbstractInstanceRegistry  : Running the evict task with compensationTime 1ms
2026-09-13T12:18:15.742-04:00  INFO 31476 --- [a-EvictionTimer] c.n.e.registry.AbstractInstanceRegistry  : Running the evict task with compensationTime 0ms
2026-09-13T12:19:15.742-04:00  INFO 31476 --- [a-EvictionTimer] c.n.e.registry.AbstractInstanceRegistry  : Running the evict task with compensationTime 0ms
2026-09-13T12:20:15.743-04:00  INFO 31476 --- [a-EvictionTimer] c.n.e.registry.AbstractInstanceRegistry  : Running the evict task with compensationTime 0ms
2026-09-13T12:21:15.743-04:00  INFO 31476 --- [a-EvictionTimer] c.n.e.registry.AbstractInstanceRegistry  : Running the evict task with compensationTime 0ms
2026-09-13T12:22:15.744-04:00  INFO 31476 --- [a-EvictionTimer] c.n.e.registry.AbstractInstanceRegistry  : Running the evict task with compensationTime 0ms
2026-09-13T12:23:15.745-04:00  INFO 31476 --- [a-EvictionTimer] c.n.e.registry.AbstractInstanceRegistry  : Running the evict task with compensationTime 0ms
2026-09-13T12:24:15.745-04:00  INFO 31476 --- [a-EvictionTimer] c.n.e.registry.AbstractInstanceRegistry  : Running the evict task with compensationTime 0ms
2026-09-13T12:25:15.745-04:00  INFO 31476 --- [a-EvictionTimer] c.n.e.registry.AbstractInstanceRegistry  : Running the evict task with compensationTime 0ms
2026-09-13T12:26:15.042-04:00  INFO 31476 --- [hresholdUpdater] c.n.e.r.PeerAwareInstanceRegistryImpl    : Current renewal threshold is : 8
2026-09-13T12:26:15.746-04:00  INFO 31476 --- [a-EvictionTimer] c.n.e.registry.AbstractInstanceRegistry  : Running the evict task with compensationTime 0ms
2026-09-13T12:27:15.746-04:00  INFO 31476 --- [a-EvictionTimer] c.n.e.registry.AbstractInstanceRegistry  : Running the evict task with compensationTime 0ms
2026-09-13T12:28:15.746-04:00  INFO 31476 --- [a-EvictionTimer] c.n.e.registry.AbstractInstanceRegistry  : Running the evict task with compensationTime 0ms
2026-09-13T12:29:15.747-04:00  INFO 31476 --- [a-EvictionTimer] c.n.e.registry.AbstractInstanceRegistry  : Running the evict task with compensationTime 0ms
2026-09-13T12:30:15.747-04:00  INFO 31476 --- [a-EvictionTimer] c.n.e.registry.AbstractInstanceRegistry  : Running the evict task with compensationTime 0ms
2026-09-13T12:31:15.747-04:00  INFO 31476 --- [a-EvictionTimer] c.n.e.registry.AbstractInstanceRegistry  : Running the evict task with compensationTime 0ms
2026-09-13T12:32:15.748-04:00  INFO 31476 --- [a-EvictionTimer] c.n.e.registry.AbstractInstanceRegistry  : Running the evict task with compensationTime 0ms
2026-09-13T12:33:15.748-04:00  INFO 31476 --- [a-EvictionTimer] c.n.e.registry.AbstractInstanceRegistry  : Running the evict task with compensationTime 0ms
2026-09-13T12:34:15.749-04:00  INFO 31476 --- [a-EvictionTimer] c.n.e.registry.AbstractInstanceRegistry  : Running the evict task with compensationTime 0ms
2026-09-13T12:35:15.750-04:00  INFO 31476 --- [a-EvictionTimer] c.n.e.registry.AbstractInstanceRegistry  : Running the evict task with compensationTime 1ms
2026-09-13T12:36:15.750-04:00  INFO 31476 --- [a-EvictionTimer] c.n.e.registry.AbstractInstanceRegistry  : Running the evict task with compensationTime 0ms
2026-09-13T12:37:15.759-04:00  INFO 31476 --- [a-EvictionTimer] c.n.e.registry.AbstractInstanceRegistry  : Running the evict task with compensationTime 9ms
2026-09-13T12:38:15.759-04:00  INFO 31476 --- [a-EvictionTimer] c.n.e.registry.AbstractInstanceRegistry  : Running the evict task with compensationTime 0ms
2026-09-13T12:39:15.761-04:00  INFO 31476 --- [a-EvictionTimer] c.n.e.registry.AbstractInstanceRegistry  : Running the evict task with compensationTime 0ms
2026-09-13T12:40:15.761-04:00  INFO 31476 --- [a-EvictionTimer] c.n.e.registry.AbstractInstanceRegistry  : Running the evict task with compensationTime 0ms
2026-09-13T12:41:15.045-04:00  INFO 31476 --- [hresholdUpdater] c.n.e.r.PeerAwareInstanceRegistryImpl    : Current renewal threshold is : 8
2026-09-13T12:41:15.761-04:00  INFO 31476 --- [a-EvictionTimer] c.n.e.registry.AbstractInstanceRegistry  : Running the evict task with compensationTime 0ms
2026-09-13T12:42:15.761-04:00  INFO 31476 --- [a-EvictionTimer] c.n.e.registry.AbstractInstanceRegistry  : Running the evict task with compensationTime 0ms
2026-09-13T12:43:15.768-04:00  INFO 31476 --- [a-EvictionTimer] c.n.e.registry.AbstractInstanceRegistry  : Running the evict task with compensationTime 7ms
2026-09-13T12:44:15.769-04:00  INFO 31476 --- [a-EvictionTimer] c.n.e.registry.AbstractInstanceRegistry  : Running the evict task with compensationTime 0ms
2026-09-13T12:45:15.770-04:00  INFO 31476 --- [a-EvictionTimer] c.n.e.registry.AbstractInstanceRegistry  : Running the evict task with compensationTime 0ms
2026-09-13T12:46:15.775-04:00  INFO 31476 --- [a-EvictionTimer] c.n.e.registry.AbstractInstanceRegistry  : Running the evict task with compensationTime 4ms
2026-09-13T12:47:15.775-04:00  INFO 31476 --- [a-EvictionTimer] c.n.e.registry.AbstractInstanceRegistry  : Running the evict task with compensationTime 0ms
2026-09-13T12:48:15.776-04:00  INFO 31476 --- [a-EvictionTimer] c.n.e.registry.AbstractInstanceRegistry  : Running the evict task with compensationTime 1ms
2026-09-13T12:49:15.777-04:00  INFO 31476 --- [a-EvictionTimer] c.n.e.registry.AbstractInstanceRegistry  : Running the evict task with compensationTime 0ms
2026-09-13T12:50:15.780-04:00  INFO 31476 --- [a-EvictionTimer] c.n.e.registry.AbstractInstanceRegistry  : Running the evict task with compensationTime 2ms
2026-09-13T12:51:15.781-04:00  INFO 31476 --- [a-EvictionTimer] c.n.e.registry.AbstractInstanceRegistry  : Running the evict task with compensationTime 0ms
2026-09-13T12:52:15.796-04:00  INFO 31476 --- [a-EvictionTimer] c.n.e.registry.AbstractInstanceRegistry  : Running the evict task with compensationTime 14ms
2026-09-13T12:53:15.801-04:00  INFO 31476 --- [a-EvictionTimer] c.n.e.registry.AbstractInstanceRegistry  : Running the evict task with compensationTime 5ms
2026-09-13T12:54:15.802-04:00  INFO 31476 --- [a-EvictionTimer] c.n.e.registry.AbstractInstanceRegistry  : Running the evict task with compensationTime 0ms
2026-09-13T12:55:15.802-04:00  INFO 31476 --- [a-EvictionTimer] c.n.e.registry.AbstractInstanceRegistry  : Running the evict task with compensationTime 0ms
2026-09-13T12:56:15.048-04:00  INFO 31476 --- [hresholdUpdater] c.n.e.r.PeerAwareInstanceRegistryImpl    : Current renewal threshold is : 8
2026-09-13T12:56:15.811-04:00  INFO 31476 --- [a-EvictionTimer] c.n.e.registry.AbstractInstanceRegistry  : Running the evict task with compensationTime 8ms
2026-09-13T12:57:15.811-04:00  INFO 31476 --- [a-EvictionTimer] c.n.e.registry.AbstractInstanceRegistry  : Running the evict task with compensationTime 0ms
2026-09-13T12:58:15.812-04:00  INFO 31476 --- [a-EvictionTimer] c.n.e.registry.AbstractInstanceRegistry  : Running the evict task with compensationTime 0ms
2026-09-13T12:59:15.824-04:00  INFO 31476 --- [a-EvictionTimer] c.n.e.registry.AbstractInstanceRegistry  : Running the evict task with compensationTime 12ms
2026-09-13T13:00:15.824-04:00  INFO 31476 --- [a-EvictionTimer] c.n.e.registry.AbstractInstanceRegistry  : Running the evict task with compensationTime 0ms
2026-09-13T13:01:15.825-04:00  INFO 31476 --- [a-EvictionTimer] c.n.e.registry.AbstractInstanceRegistry  : Running the evict task with compensationTime 0ms
2026-09-13T13:02:15.838-04:00  INFO 31476 --- [a-EvictionTimer] c.n.e.registry.AbstractInstanceRegistry  : Running the evict task with compensationTime 12ms
2026-09-13T13:03:15.838-04:00  INFO 31476 --- [a-EvictionTimer] c.n.e.registry.AbstractInstanceRegistry  : Running the evict task with compensationTime 0ms
2026-09-13T13:04:15.839-04:00  INFO 31476 --- [a-EvictionTimer] c.n.e.registry.AbstractInstanceRegistry  : Running the evict task with compensationTime 0ms
2026-09-13T13:05:15.852-04:00  INFO 31476 --- [a-EvictionTimer] c.n.e.registry.AbstractInstanceRegistry  : Running the evict task with compensationTime 13ms
2026-09-13T13:06:15.855-04:00  INFO 31476 --- [a-EvictionTimer] c.n.e.registry.AbstractInstanceRegistry  : Running the evict task with compensationTime 2ms
2026-09-13T13:07:15.855-04:00  INFO 31476 --- [a-EvictionTimer] c.n.e.registry.AbstractInstanceRegistry  : Running the evict task with compensationTime 0ms
2026-09-13T13:08:15.856-04:00  INFO 31476 --- [a-EvictionTimer] c.n.e.registry.AbstractInstanceRegistry  : Running the evict task with compensationTime 0ms
2026-09-13T13:09:15.857-04:00  INFO 31476 --- [a-EvictionTimer] c.n.e.registry.AbstractInstanceRegistry  : Running the evict task with compensationTime 0ms
2026-09-13T13:10:15.866-04:00  INFO 31476 --- [a-EvictionTimer] c.n.e.registry.AbstractInstanceRegistry  : Running the evict task with compensationTime 9ms
2026-09-13T13:11:15.051-04:00  INFO 31476 --- [hresholdUpdater] c.n.e.r.PeerAwareInstanceRegistryImpl    : Current renewal threshold is : 8
2026-09-13T13:11:15.869-04:00  INFO 31476 --- [a-EvictionTimer] c.n.e.registry.AbstractInstanceRegistry  : Running the evict task with compensationTime 2ms
2026-09-13T13:12:15.869-04:00  INFO 31476 --- [a-EvictionTimer] c.n.e.registry.AbstractInstanceRegistry  : Running the evict task with compensationTime 0ms
2026-09-13T13:13:15.870-04:00  INFO 31476 --- [a-EvictionTimer] c.n.e.registry.AbstractInstanceRegistry  : Running the evict task with compensationTime 0ms
2026-09-13T13:14:15.874-04:00  INFO 31476 --- [a-EvictionTimer] c.n.e.registry.AbstractInstanceRegistry  : Running the evict task with compensationTime 3ms
2026-09-13T13:15:15.874-04:00  INFO 31476 --- [a-EvictionTimer] c.n.e.registry.AbstractInstanceRegistry  : Running the evict task with compensationTime 0ms
2026-09-13T13:16:15.875-04:00  INFO 31476 --- [a-EvictionTimer] c.n.e.registry.AbstractInstanceRegistry  : Running the evict task with compensationTime 0ms
2026-09-13T13:17:15.889-04:00  INFO 31476 --- [a-EvictionTimer] c.n.e.registry.AbstractInstanceRegistry  : Running the evict task with compensationTime 13ms
2026-09-13T13:18:15.890-04:00  INFO 31476 --- [a-EvictionTimer] c.n.e.registry.AbstractInstanceRegistry  : Running the evict task with compensationTime 0ms
2026-09-13T13:19:15.900-04:00  INFO 31476 --- [a-EvictionTimer] c.n.e.registry.AbstractInstanceRegistry  : Running the evict task with compensationTime 10ms
2026-09-13T13:20:15.907-04:00  INFO 31476 --- [a-EvictionTimer] c.n.e.registry.AbstractInstanceRegistry  : Running the evict task with compensationTime 6ms
2026-09-13T13:21:15.907-04:00  INFO 31476 --- [a-EvictionTimer] c.n.e.registry.AbstractInstanceRegistry  : Running the evict task with compensationTime 0ms
2026-09-13T13:22:15.908-04:00  INFO 31476 --- [a-EvictionTimer] c.n.e.registry.AbstractInstanceRegistry  : Running the evict task with compensationTime 0ms
2026-09-13T13:23:15.908-04:00  INFO 31476 --- [a-EvictionTimer] c.n.e.registry.AbstractInstanceRegistry  : Running the evict task with compensationTime 0ms
2026-09-13T13:24:15.909-04:00  INFO 31476 --- [a-EvictionTimer] c.n.e.registry.AbstractInstanceRegistry  : Running the evict task with compensationTime 0ms
2026-09-13T13:25:15.910-04:00  INFO 31476 --- [a-EvictionTimer] c.n.e.registry.AbstractInstanceRegistry  : Running the evict task with compensationTime 0ms
2026-09-13T13:26:15.053-04:00  INFO 31476 --- [hresholdUpdater] c.n.e.r.PeerAwareInstanceRegistryImpl    : Current renewal threshold is : 8
2026-09-13T13:26:15.922-04:00  INFO 31476 --- [a-EvictionTimer] c.n.e.registry.AbstractInstanceRegistry  : Running the evict task with compensationTime 11ms
2026-09-13T13:27:15.925-04:00  INFO 31476 --- [a-EvictionTimer] c.n.e.registry.AbstractInstanceRegistry  : Running the evict task with compensationTime 2ms
2026-09-13T13:28:15.926-04:00  INFO 31476 --- [a-EvictionTimer] c.n.e.registry.AbstractInstanceRegistry  : Running the evict task with compensationTime 0ms
2026-09-13T13:29:15.931-04:00  INFO 31476 --- [a-EvictionTimer] c.n.e.registry.AbstractInstanceRegistry  : Running the evict task with compensationTime 5ms
2026-09-13T13:30:15.935-04:00  INFO 31476 --- [a-EvictionTimer] c.n.e.registry.AbstractInstanceRegistry  : Running the evict task with compensationTime 3ms
2026-09-13T13:31:15.935-04:00  INFO 31476 --- [a-EvictionTimer] c.n.e.registry.AbstractInstanceRegistry  : Running the evict task with compensationTime 0ms
2026-09-13T13:32:15.954-04:00  INFO 31476 --- [a-EvictionTimer] c.n.e.registry.AbstractInstanceRegistry  : Running the evict task with compensationTime 19ms
2026-09-13T13:33:15.956-04:00  INFO 31476 --- [a-EvictionTimer] c.n.e.registry.AbstractInstanceRegistry  : Running the evict task with compensationTime 0ms
2026-09-13T13:34:15.956-04:00  INFO 31476 --- [a-EvictionTimer] c.n.e.registry.AbstractInstanceRegistry  : Running the evict task with compensationTime 0ms
2026-09-13T13:35:15.969-04:00  INFO 31476 --- [a-EvictionTimer] c.n.e.registry.AbstractInstanceRegistry  : Running the evict task with compensationTime 12ms
2026-09-13T13:36:15.979-04:00  INFO 31476 --- [a-EvictionTimer] c.n.e.registry.AbstractInstanceRegistry  : Running the evict task with compensationTime 9ms
2026-09-13T13:37:15.979-04:00  INFO 31476 --- [a-EvictionTimer] c.n.e.registry.AbstractInstanceRegistry  : Running the evict task with compensationTime 0ms
2026-09-13T13:38:15.979-04:00  INFO 31476 --- [a-EvictionTimer] c.n.e.registry.AbstractInstanceRegistry  : Running the evict task with compensationTime 0ms
2026-09-13T13:39:15.981-04:00  INFO 31476 --- [a-EvictionTimer] c.n.e.registry.AbstractInstanceRegistry  : Running the evict task with compensationTime 1ms
2026-09-13T13:40:15.981-04:00  INFO 31476 --- [a-EvictionTimer] c.n.e.registry.AbstractInstanceRegistry  : Running the evict task with compensationTime 0ms
2026-09-13T13:41:15.066-04:00  INFO 31476 --- [hresholdUpdater] c.n.e.r.PeerAwareInstanceRegistryImpl    : Current renewal threshold is : 8
2026-09-13T13:41:15.994-04:00  INFO 31476 --- [a-EvictionTimer] c.n.e.registry.AbstractInstanceRegistry  : Running the evict task with compensationTime 12ms
2026-09-13T13:42:15.993-04:00  INFO 31476 --- [a-EvictionTimer] c.n.e.registry.AbstractInstanceRegistry  : Running the evict task with compensationTime 0ms
2026-09-13T13:43:15.995-04:00  INFO 31476 --- [a-EvictionTimer] c.n.e.registry.AbstractInstanceRegistry  : Running the evict task with compensationTime 0ms
2026-09-13T13:44:15.995-04:00  INFO 31476 --- [a-EvictionTimer] c.n.e.registry.AbstractInstanceRegistry  : Running the evict task with compensationTime 0ms
2026-09-13T13:45:15.996-04:00  INFO 31476 --- [a-EvictionTimer] c.n.e.registry.AbstractInstanceRegistry  : Running the evict task with compensationTime 0ms
2026-09-13T13:46:15.996-04:00  INFO 31476 --- [a-EvictionTimer] c.n.e.registry.AbstractInstanceRegistry  : Running the evict task with compensationTime 0ms
2026-09-13T13:47:16.014-04:00  INFO 31476 --- [a-EvictionTimer] c.n.e.registry.AbstractInstanceRegistry  : Running the evict task with compensationTime 18ms
2026-09-13T13:48:16.015-04:00  INFO 31476 --- [a-EvictionTimer] c.n.e.registry.AbstractInstanceRegistry  : Running the evict task with compensationTime 0ms
2026-09-13T13:49:16.016-04:00  INFO 31476 --- [a-EvictionTimer] c.n.e.registry.AbstractInstanceRegistry  : Running the evict task with compensationTime 0ms
